Archive member included to satisfy reference by file (symbol)

c:/program files (x86)/stm32cubeide_1.4.0/stm32cubeide/plugins/com.st.stm32cube.ide.mcu.externaltools.gnu-tools-for-stm32.7-2018-q2-update.win32_1.4.0.202007081208/tools/bin/../lib/gcc/arm-none-eabi/7.3.1/../../../../arm-none-eabi/lib/thumb/v7-m\libc_nano.a(lib_a-errno.o)
                              Src/syscalls.o (__errno)
c:/program files (x86)/stm32cubeide_1.4.0/stm32cubeide/plugins/com.st.stm32cube.ide.mcu.externaltools.gnu-tools-for-stm32.7-2018-q2-update.win32_1.4.0.202007081208/tools/bin/../lib/gcc/arm-none-eabi/7.3.1/../../../../arm-none-eabi/lib/thumb/v7-m\libc_nano.a(lib_a-exit.o)
                              c:/program files (x86)/stm32cubeide_1.4.0/stm32cubeide/plugins/com.st.stm32cube.ide.mcu.externaltools.gnu-tools-for-stm32.7-2018-q2-update.win32_1.4.0.202007081208/tools/bin/../lib/gcc/arm-none-eabi/7.3.1/../../../../arm-none-eabi/lib/thumb/v7-m/crt0.o (exit)
c:/program files (x86)/stm32cubeide_1.4.0/stm32cubeide/plugins/com.st.stm32cube.ide.mcu.externaltools.gnu-tools-for-stm32.7-2018-q2-update.win32_1.4.0.202007081208/tools/bin/../lib/gcc/arm-none-eabi/7.3.1/../../../../arm-none-eabi/lib/thumb/v7-m\libc_nano.a(lib_a-impure.o)
                              c:/program files (x86)/stm32cubeide_1.4.0/stm32cubeide/plugins/com.st.stm32cube.ide.mcu.externaltools.gnu-tools-for-stm32.7-2018-q2-update.win32_1.4.0.202007081208/tools/bin/../lib/gcc/arm-none-eabi/7.3.1/../../../../arm-none-eabi/lib/thumb/v7-m\libc_nano.a(lib_a-exit.o) (_global_impure_ptr)
c:/program files (x86)/stm32cubeide_1.4.0/stm32cubeide/plugins/com.st.stm32cube.ide.mcu.externaltools.gnu-tools-for-stm32.7-2018-q2-update.win32_1.4.0.202007081208/tools/bin/../lib/gcc/arm-none-eabi/7.3.1/../../../../arm-none-eabi/lib/thumb/v7-m\libc_nano.a(lib_a-init.o)
                              c:/program files (x86)/stm32cubeide_1.4.0/stm32cubeide/plugins/com.st.stm32cube.ide.mcu.externaltools.gnu-tools-for-stm32.7-2018-q2-update.win32_1.4.0.202007081208/tools/bin/../lib/gcc/arm-none-eabi/7.3.1/../../../../arm-none-eabi/lib/thumb/v7-m/crt0.o (__libc_init_array)
c:/program files (x86)/stm32cubeide_1.4.0/stm32cubeide/plugins/com.st.stm32cube.ide.mcu.externaltools.gnu-tools-for-stm32.7-2018-q2-update.win32_1.4.0.202007081208/tools/bin/../lib/gcc/arm-none-eabi/7.3.1/../../../../arm-none-eabi/lib/thumb/v7-m\libc_nano.a(lib_a-memset.o)
                              c:/program files (x86)/stm32cubeide_1.4.0/stm32cubeide/plugins/com.st.stm32cube.ide.mcu.externaltools.gnu-tools-for-stm32.7-2018-q2-update.win32_1.4.0.202007081208/tools/bin/../lib/gcc/arm-none-eabi/7.3.1/../../../../arm-none-eabi/lib/thumb/v7-m/crt0.o (memset)

Allocating common symbols
Common symbol       size              file

GP_IRQ_callBack     0x3c              mcal/exti.o
RFID_CARD_Enter     0x2               Src/main.o
pin_cfg             0x4               hal/Lcd.o
RFID_CARD_EXIT      0x2               Src/main.o

Discarded input sections

 .text          0x0000000000000000        0x0 c:/program files (x86)/stm32cubeide_1.4.0/stm32cubeide/plugins/com.st.stm32cube.ide.mcu.externaltools.gnu-tools-for-stm32.7-2018-q2-update.win32_1.4.0.202007081208/tools/bin/../lib/gcc/arm-none-eabi/7.3.1/thumb/v7-m/crti.o
 .data          0x0000000000000000        0x0 c:/program files (x86)/stm32cubeide_1.4.0/stm32cubeide/plugins/com.st.stm32cube.ide.mcu.externaltools.gnu-tools-for-stm32.7-2018-q2-update.win32_1.4.0.202007081208/tools/bin/../lib/gcc/arm-none-eabi/7.3.1/thumb/v7-m/crti.o
 .bss           0x0000000000000000        0x0 c:/program files (x86)/stm32cubeide_1.4.0/stm32cubeide/plugins/com.st.stm32cube.ide.mcu.externaltools.gnu-tools-for-stm32.7-2018-q2-update.win32_1.4.0.202007081208/tools/bin/../lib/gcc/arm-none-eabi/7.3.1/thumb/v7-m/crti.o
 .data          0x0000000000000000        0x4 c:/program files (x86)/stm32cubeide_1.4.0/stm32cubeide/plugins/com.st.stm32cube.ide.mcu.externaltools.gnu-tools-for-stm32.7-2018-q2-update.win32_1.4.0.202007081208/tools/bin/../lib/gcc/arm-none-eabi/7.3.1/thumb/v7-m/crtbegin.o
 .text          0x0000000000000000       0x74 c:/program files (x86)/stm32cubeide_1.4.0/stm32cubeide/plugins/com.st.stm32cube.ide.mcu.externaltools.gnu-tools-for-stm32.7-2018-q2-update.win32_1.4.0.202007081208/tools/bin/../lib/gcc/arm-none-eabi/7.3.1/../../../../arm-none-eabi/lib/thumb/v7-m/crt0.o
 .data          0x0000000000000000        0x0 c:/program files (x86)/stm32cubeide_1.4.0/stm32cubeide/plugins/com.st.stm32cube.ide.mcu.externaltools.gnu-tools-for-stm32.7-2018-q2-update.win32_1.4.0.202007081208/tools/bin/../lib/gcc/arm-none-eabi/7.3.1/../../../../arm-none-eabi/lib/thumb/v7-m/crt0.o
 .bss           0x0000000000000000        0x0 c:/program files (x86)/stm32cubeide_1.4.0/stm32cubeide/plugins/com.st.stm32cube.ide.mcu.externaltools.gnu-tools-for-stm32.7-2018-q2-update.win32_1.4.0.202007081208/tools/bin/../lib/gcc/arm-none-eabi/7.3.1/../../../../arm-none-eabi/lib/thumb/v7-m/crt0.o
 .ARM.extab     0x0000000000000000        0x0 c:/program files (x86)/stm32cubeide_1.4.0/stm32cubeide/plugins/com.st.stm32cube.ide.mcu.externaltools.gnu-tools-for-stm32.7-2018-q2-update.win32_1.4.0.202007081208/tools/bin/../lib/gcc/arm-none-eabi/7.3.1/../../../../arm-none-eabi/lib/thumb/v7-m/crt0.o
 .ARM.exidx     0x0000000000000000        0x8 c:/program files (x86)/stm32cubeide_1.4.0/stm32cubeide/plugins/com.st.stm32cube.ide.mcu.externaltools.gnu-tools-for-stm32.7-2018-q2-update.win32_1.4.0.202007081208/tools/bin/../lib/gcc/arm-none-eabi/7.3.1/../../../../arm-none-eabi/lib/thumb/v7-m/crt0.o
 .ARM.attributes
                0x0000000000000000       0x1b c:/program files (x86)/stm32cubeide_1.4.0/stm32cubeide/plugins/com.st.stm32cube.ide.mcu.externaltools.gnu-tools-for-stm32.7-2018-q2-update.win32_1.4.0.202007081208/tools/bin/../lib/gcc/arm-none-eabi/7.3.1/../../../../arm-none-eabi/lib/thumb/v7-m/crt0.o
 .group         0x0000000000000000        0xc Src/main.o
 .group         0x0000000000000000        0xc Src/main.o
 .group         0x0000000000000000        0xc Src/main.o
 .group         0x0000000000000000        0xc Src/main.o
 .group         0x0000000000000000        0xc Src/main.o
 .group         0x0000000000000000        0xc Src/main.o
 .group         0x0000000000000000        0xc Src/main.o
 .group         0x0000000000000000        0xc Src/main.o
 .group         0x0000000000000000        0xc Src/main.o
 .group         0x0000000000000000        0xc Src/main.o
 .group         0x0000000000000000        0xc Src/main.o
 .group         0x0000000000000000        0xc Src/main.o
 .group         0x0000000000000000        0xc Src/main.o
 .group         0x0000000000000000        0xc Src/main.o
 .group         0x0000000000000000        0xc Src/main.o
 .group         0x0000000000000000        0xc Src/main.o
 .group         0x0000000000000000        0xc Src/main.o
 .group         0x0000000000000000        0xc Src/main.o
 .group         0x0000000000000000        0xc Src/main.o
 .group         0x0000000000000000        0xc Src/main.o
 .group         0x0000000000000000        0xc Src/main.o
 .group         0x0000000000000000        0xc Src/main.o
 .group         0x0000000000000000        0xc Src/main.o
 .group         0x0000000000000000        0xc Src/main.o
 .group         0x0000000000000000        0xc Src/main.o
 .group         0x0000000000000000        0xc Src/main.o
 .group         0x0000000000000000        0xc Src/main.o
 .group         0x0000000000000000        0xc Src/main.o
 .group         0x0000000000000000        0xc Src/main.o
 .group         0x0000000000000000        0xc Src/main.o
 .group         0x0000000000000000        0xc Src/main.o
 .group         0x0000000000000000        0xc Src/main.o
 .text          0x0000000000000000        0x0 Src/main.o
 .data          0x0000000000000000        0x0 Src/main.o
 .bss           0x0000000000000000        0x0 Src/main.o
 .group         0x0000000000000000        0xc Src/syscalls.o
 .group         0x0000000000000000        0xc Src/syscalls.o
 .group         0x0000000000000000        0xc Src/syscalls.o
 .group         0x0000000000000000        0xc Src/syscalls.o
 .group         0x0000000000000000        0xc Src/syscalls.o
 .group         0x0000000000000000        0xc Src/syscalls.o
 .group         0x0000000000000000        0xc Src/syscalls.o
 .group         0x0000000000000000        0xc Src/syscalls.o
 .group         0x0000000000000000        0xc Src/syscalls.o
 .group         0x0000000000000000        0xc Src/syscalls.o
 .group         0x0000000000000000        0xc Src/syscalls.o
 .group         0x0000000000000000        0xc Src/syscalls.o
 .group         0x0000000000000000        0xc Src/syscalls.o
 .group         0x0000000000000000        0xc Src/syscalls.o
 .group         0x0000000000000000        0xc Src/syscalls.o
 .group         0x0000000000000000        0xc Src/syscalls.o
 .group         0x0000000000000000        0xc Src/syscalls.o
 .group         0x0000000000000000        0xc Src/syscalls.o
 .group         0x0000000000000000        0xc Src/syscalls.o
 .group         0x0000000000000000        0xc Src/syscalls.o
 .group         0x0000000000000000        0xc Src/syscalls.o
 .group         0x0000000000000000        0xc Src/syscalls.o
 .group         0x0000000000000000        0xc Src/syscalls.o
 .group         0x0000000000000000        0xc Src/syscalls.o
 .group         0x0000000000000000        0xc Src/syscalls.o
 .group         0x0000000000000000        0xc Src/syscalls.o
 .group         0x0000000000000000        0xc Src/syscalls.o
 .group         0x0000000000000000        0xc Src/syscalls.o
 .group         0x0000000000000000        0xc Src/syscalls.o
 .group         0x0000000000000000        0xc Src/syscalls.o
 .group         0x0000000000000000        0xc Src/syscalls.o
 .group         0x0000000000000000        0xc Src/syscalls.o
 .group         0x0000000000000000        0xc Src/syscalls.o
 .group         0x0000000000000000        0xc Src/syscalls.o
 .group         0x0000000000000000        0xc Src/syscalls.o
 .group         0x0000000000000000        0xc Src/syscalls.o
 .group         0x0000000000000000        0xc Src/syscalls.o
 .group         0x0000000000000000        0xc Src/syscalls.o
 .group         0x0000000000000000        0xc Src/syscalls.o
 .group         0x0000000000000000        0xc Src/syscalls.o
 .group         0x0000000000000000        0xc Src/syscalls.o
 .group         0x0000000000000000        0xc Src/syscalls.o
 .group         0x0000000000000000        0xc Src/syscalls.o
 .group         0x0000000000000000        0xc Src/syscalls.o
 .text          0x0000000000000000        0x0 Src/syscalls.o
 .data          0x0000000000000000        0x0 Src/syscalls.o
 .bss           0x0000000000000000        0x0 Src/syscalls.o
 .bss.__env     0x0000000000000000        0x4 Src/syscalls.o
 .data.environ  0x0000000000000000        0x4 Src/syscalls.o
 .text.initialise_monitor_handles
                0x0000000000000000        0xc Src/syscalls.o
 .text._getpid  0x0000000000000000        0xe Src/syscalls.o
 .text._kill    0x0000000000000000       0x20 Src/syscalls.o
 .text._exit    0x0000000000000000       0x14 Src/syscalls.o
 .text._read    0x0000000000000000       0x3a Src/syscalls.o
 .text._write   0x0000000000000000       0x38 Src/syscalls.o
 .text._close   0x0000000000000000       0x16 Src/syscalls.o
 .text._fstat   0x0000000000000000       0x1e Src/syscalls.o
 .text._isatty  0x0000000000000000       0x14 Src/syscalls.o
 .text._lseek   0x0000000000000000       0x18 Src/syscalls.o
 .text._open    0x0000000000000000       0x1a Src/syscalls.o
 .text._wait    0x0000000000000000       0x1e Src/syscalls.o
 .text._unlink  0x0000000000000000       0x1e Src/syscalls.o
 .text._times   0x0000000000000000       0x16 Src/syscalls.o
 .text._stat    0x0000000000000000       0x1e Src/syscalls.o
 .text._link    0x0000000000000000       0x20 Src/syscalls.o
 .text._fork    0x0000000000000000       0x16 Src/syscalls.o
 .text._execve  0x0000000000000000       0x22 Src/syscalls.o
 .debug_info    0x0000000000000000     0x1038 Src/syscalls.o
 .debug_abbrev  0x0000000000000000      0x254 Src/syscalls.o
 .debug_loc     0x0000000000000000      0x5b8 Src/syscalls.o
 .debug_aranges
                0x0000000000000000       0xa8 Src/syscalls.o
 .debug_ranges  0x0000000000000000       0x98 Src/syscalls.o
 .debug_macro   0x0000000000000000      0x243 Src/syscalls.o
 .debug_macro   0x0000000000000000      0xa60 Src/syscalls.o
 .debug_macro   0x0000000000000000       0x22 Src/syscalls.o
 .debug_macro   0x0000000000000000       0x40 Src/syscalls.o
 .debug_macro   0x0000000000000000       0x18 Src/syscalls.o
 .debug_macro   0x0000000000000000       0x94 Src/syscalls.o
 .debug_macro   0x0000000000000000       0x3c Src/syscalls.o
 .debug_macro   0x0000000000000000       0x34 Src/syscalls.o
 .debug_macro   0x0000000000000000       0x57 Src/syscalls.o
 .debug_macro   0x0000000000000000      0x174 Src/syscalls.o
 .debug_macro   0x0000000000000000      0x330 Src/syscalls.o
 .debug_macro   0x0000000000000000       0x52 Src/syscalls.o
 .debug_macro   0x0000000000000000       0x1f Src/syscalls.o
 .debug_macro   0x0000000000000000       0x43 Src/syscalls.o
 .debug_macro   0x0000000000000000       0x20 Src/syscalls.o
 .debug_macro   0x0000000000000000      0x1a3 Src/syscalls.o
 .debug_macro   0x0000000000000000       0x10 Src/syscalls.o
 .debug_macro   0x0000000000000000       0x35 Src/syscalls.o
 .debug_macro   0x0000000000000000       0x10 Src/syscalls.o
 .debug_macro   0x0000000000000000       0x10 Src/syscalls.o
 .debug_macro   0x0000000000000000       0x10 Src/syscalls.o
 .debug_macro   0x0000000000000000       0x6a Src/syscalls.o
 .debug_macro   0x0000000000000000       0x1c Src/syscalls.o
 .debug_macro   0x0000000000000000       0x52 Src/syscalls.o
 .debug_macro   0x0000000000000000       0x40 Src/syscalls.o
 .debug_macro   0x0000000000000000       0x10 Src/syscalls.o
 .debug_macro   0x0000000000000000       0x40 Src/syscalls.o
 .debug_macro   0x0000000000000000       0xd7 Src/syscalls.o
 .debug_macro   0x0000000000000000       0x1c Src/syscalls.o
 .debug_macro   0x0000000000000000       0x3d Src/syscalls.o
 .debug_macro   0x0000000000000000       0x35 Src/syscalls.o
 .debug_macro   0x0000000000000000      0x122 Src/syscalls.o
 .debug_macro   0x0000000000000000       0x16 Src/syscalls.o
 .debug_macro   0x0000000000000000       0x16 Src/syscalls.o
 .debug_macro   0x0000000000000000       0x29 Src/syscalls.o
 .debug_macro   0x0000000000000000       0x10 Src/syscalls.o
 .debug_macro   0x0000000000000000      0x241 Src/syscalls.o
 .debug_macro   0x0000000000000000       0x1c Src/syscalls.o
 .debug_macro   0x0000000000000000       0x10 Src/syscalls.o
 .debug_macro   0x0000000000000000       0x10 Src/syscalls.o
 .debug_macro   0x0000000000000000       0x16 Src/syscalls.o
 .debug_macro   0x0000000000000000      0x145 Src/syscalls.o
 .debug_macro   0x0000000000000000      0x189 Src/syscalls.o
 .debug_macro   0x0000000000000000       0x16 Src/syscalls.o
 .debug_macro   0x0000000000000000       0x88 Src/syscalls.o
 .debug_line    0x0000000000000000      0x885 Src/syscalls.o
 .debug_str     0x0000000000000000     0x8881 Src/syscalls.o
 .comment       0x0000000000000000       0x7c Src/syscalls.o
 .debug_frame   0x0000000000000000      0x2ac Src/syscalls.o
 .ARM.attributes
                0x0000000000000000       0x33 Src/syscalls.o
 .group         0x0000000000000000        0xc Src/sysmem.o
 .group         0x0000000000000000        0xc Src/sysmem.o
 .group         0x0000000000000000        0xc Src/sysmem.o
 .group         0x0000000000000000        0xc Src/sysmem.o
 .group         0x0000000000000000        0xc Src/sysmem.o
 .group         0x0000000000000000        0xc Src/sysmem.o
 .group         0x0000000000000000        0xc Src/sysmem.o
 .group         0x0000000000000000        0xc Src/sysmem.o
 .group         0x0000000000000000        0xc Src/sysmem.o
 .group         0x0000000000000000        0xc Src/sysmem.o
 .group         0x0000000000000000        0xc Src/sysmem.o
 .group         0x0000000000000000        0xc Src/sysmem.o
 .group         0x0000000000000000        0xc Src/sysmem.o
 .group         0x0000000000000000        0xc Src/sysmem.o
 .group         0x0000000000000000        0xc Src/sysmem.o
 .group         0x0000000000000000        0xc Src/sysmem.o
 .group         0x0000000000000000        0xc Src/sysmem.o
 .group         0x0000000000000000        0xc Src/sysmem.o
 .group         0x0000000000000000        0xc Src/sysmem.o
 .text          0x0000000000000000        0x0 Src/sysmem.o
 .data          0x0000000000000000        0x0 Src/sysmem.o
 .bss           0x0000000000000000        0x0 Src/sysmem.o
 .bss.__sbrk_heap_end
                0x0000000000000000        0x4 Src/sysmem.o
 .text._sbrk    0x0000000000000000       0x6c Src/sysmem.o
 .debug_info    0x0000000000000000      0xa7c Src/sysmem.o
 .debug_abbrev  0x0000000000000000      0x18e Src/sysmem.o
 .debug_loc     0x0000000000000000       0x50 Src/sysmem.o
 .debug_aranges
                0x0000000000000000       0x20 Src/sysmem.o
 .debug_ranges  0x0000000000000000       0x10 Src/sysmem.o
 .debug_macro   0x0000000000000000       0xee Src/sysmem.o
 .debug_macro   0x0000000000000000      0xa60 Src/sysmem.o
 .debug_macro   0x0000000000000000       0x10 Src/sysmem.o
 .debug_macro   0x0000000000000000       0x22 Src/sysmem.o
 .debug_macro   0x0000000000000000       0x40 Src/sysmem.o
 .debug_macro   0x0000000000000000       0x18 Src/sysmem.o
 .debug_macro   0x0000000000000000       0x94 Src/sysmem.o
 .debug_macro   0x0000000000000000       0x3c Src/sysmem.o
 .debug_macro   0x0000000000000000       0x34 Src/sysmem.o
 .debug_macro   0x0000000000000000      0x174 Src/sysmem.o
 .debug_macro   0x0000000000000000       0x57 Src/sysmem.o
 .debug_macro   0x0000000000000000       0x52 Src/sysmem.o
 .debug_macro   0x0000000000000000       0x1f Src/sysmem.o
 .debug_macro   0x0000000000000000       0x43 Src/sysmem.o
 .debug_macro   0x0000000000000000       0x20 Src/sysmem.o
 .debug_macro   0x0000000000000000      0x1a3 Src/sysmem.o
 .debug_macro   0x0000000000000000      0x23b Src/sysmem.o
 .debug_macro   0x0000000000000000       0xef Src/sysmem.o
 .debug_macro   0x0000000000000000       0x6a Src/sysmem.o
 .debug_macro   0x0000000000000000      0x1df Src/sysmem.o
 .debug_line    0x0000000000000000      0x60e Src/sysmem.o
 .debug_str     0x0000000000000000     0x5f4f Src/sysmem.o
 .comment       0x0000000000000000       0x7c Src/sysmem.o
 .debug_frame   0x0000000000000000       0x34 Src/sysmem.o
 .ARM.attributes
                0x0000000000000000       0x33 Src/sysmem.o
 .text          0x0000000000000000       0x14 Startup/startup_stm32f103c6tx.o
 .data          0x0000000000000000        0x0 Startup/startup_stm32f103c6tx.o
 .bss           0x0000000000000000        0x0 Startup/startup_stm32f103c6tx.o
 .group         0x0000000000000000        0xc hal/KEYPAD.o
 .group         0x0000000000000000        0xc hal/KEYPAD.o
 .group         0x0000000000000000        0xc hal/KEYPAD.o
 .group         0x0000000000000000        0xc hal/KEYPAD.o
 .group         0x0000000000000000        0xc hal/KEYPAD.o
 .group         0x0000000000000000        0xc hal/KEYPAD.o
 .group         0x0000000000000000        0xc hal/KEYPAD.o
 .group         0x0000000000000000        0xc hal/KEYPAD.o
 .group         0x0000000000000000        0xc hal/KEYPAD.o
 .group         0x0000000000000000        0xc hal/KEYPAD.o
 .group         0x0000000000000000        0xc hal/KEYPAD.o
 .group         0x0000000000000000        0xc hal/KEYPAD.o
 .group         0x0000000000000000        0xc hal/KEYPAD.o
 .group         0x0000000000000000        0xc hal/KEYPAD.o
 .group         0x0000000000000000        0xc hal/KEYPAD.o
 .group         0x0000000000000000        0xc hal/KEYPAD.o
 .group         0x0000000000000000        0xc hal/KEYPAD.o
 .group         0x0000000000000000        0xc hal/KEYPAD.o
 .group         0x0000000000000000        0xc hal/KEYPAD.o
 .group         0x0000000000000000        0xc hal/KEYPAD.o
 .group         0x0000000000000000        0xc hal/KEYPAD.o
 .group         0x0000000000000000        0xc hal/KEYPAD.o
 .group         0x0000000000000000        0xc hal/KEYPAD.o
 .group         0x0000000000000000        0xc hal/KEYPAD.o
 .group         0x0000000000000000        0xc hal/KEYPAD.o
 .group         0x0000000000000000        0xc hal/KEYPAD.o
 .group         0x0000000000000000        0xc hal/KEYPAD.o
 .text          0x0000000000000000        0x0 hal/KEYPAD.o
 .data          0x0000000000000000        0x0 hal/KEYPAD.o
 .bss           0x0000000000000000        0x0 hal/KEYPAD.o
 .debug_macro   0x0000000000000000      0xa60 hal/KEYPAD.o
 .debug_macro   0x0000000000000000       0x18 hal/KEYPAD.o
 .debug_macro   0x0000000000000000       0x22 hal/KEYPAD.o
 .debug_macro   0x0000000000000000       0x40 hal/KEYPAD.o
 .debug_macro   0x0000000000000000       0x94 hal/KEYPAD.o
 .debug_macro   0x0000000000000000       0x3c hal/KEYPAD.o
 .debug_macro   0x0000000000000000       0x34 hal/KEYPAD.o
 .debug_macro   0x0000000000000000       0x16 hal/KEYPAD.o
 .debug_macro   0x0000000000000000      0x10e hal/KEYPAD.o
 .debug_macro   0x0000000000000000       0x8d hal/KEYPAD.o
 .debug_macro   0x0000000000000000       0x57 hal/KEYPAD.o
 .debug_macro   0x0000000000000000       0x52 hal/KEYPAD.o
 .debug_macro   0x0000000000000000       0x1f hal/KEYPAD.o
 .debug_macro   0x0000000000000000       0x43 hal/KEYPAD.o
 .debug_macro   0x0000000000000000       0x20 hal/KEYPAD.o
 .debug_macro   0x0000000000000000      0x1a3 hal/KEYPAD.o
 .debug_macro   0x0000000000000000      0x330 hal/KEYPAD.o
 .debug_macro   0x0000000000000000       0x16 hal/KEYPAD.o
 .debug_macro   0x0000000000000000       0x29 hal/KEYPAD.o
 .debug_macro   0x0000000000000000       0x16 hal/KEYPAD.o
 .debug_macro   0x0000000000000000       0x35 hal/KEYPAD.o
 .debug_macro   0x0000000000000000       0x20 hal/KEYPAD.o
 .debug_macro   0x0000000000000000       0xef hal/KEYPAD.o
 .debug_macro   0x0000000000000000       0x6a hal/KEYPAD.o
 .debug_macro   0x0000000000000000      0x1df hal/KEYPAD.o
 .debug_macro   0x0000000000000000      0x282 hal/KEYPAD.o
 .debug_macro   0x0000000000000000       0xd0 hal/KEYPAD.o
 .group         0x0000000000000000        0xc hal/Lcd.o
 .group         0x0000000000000000        0xc hal/Lcd.o
 .group         0x0000000000000000        0xc hal/Lcd.o
 .group         0x0000000000000000        0xc hal/Lcd.o
 .group         0x0000000000000000        0xc hal/Lcd.o
 .group         0x0000000000000000        0xc hal/Lcd.o
 .group         0x0000000000000000        0xc hal/Lcd.o
 .group         0x0000000000000000        0xc hal/Lcd.o
 .group         0x0000000000000000        0xc hal/Lcd.o
 .group         0x0000000000000000        0xc hal/Lcd.o
 .group         0x0000000000000000        0xc hal/Lcd.o
 .group         0x0000000000000000        0xc hal/Lcd.o
 .group         0x0000000000000000        0xc hal/Lcd.o
 .group         0x0000000000000000        0xc hal/Lcd.o
 .group         0x0000000000000000        0xc hal/Lcd.o
 .group         0x0000000000000000        0xc hal/Lcd.o
 .group         0x0000000000000000        0xc hal/Lcd.o
 .group         0x0000000000000000        0xc hal/Lcd.o
 .group         0x0000000000000000        0xc hal/Lcd.o
 .group         0x0000000000000000        0xc hal/Lcd.o
 .group         0x0000000000000000        0xc hal/Lcd.o
 .group         0x0000000000000000        0xc hal/Lcd.o
 .group         0x0000000000000000        0xc hal/Lcd.o
 .group         0x0000000000000000        0xc hal/Lcd.o
 .group         0x0000000000000000        0xc hal/Lcd.o
 .group         0x0000000000000000        0xc hal/Lcd.o
 .group         0x0000000000000000        0xc hal/Lcd.o
 .group         0x0000000000000000        0xc hal/Lcd.o
 .group         0x0000000000000000        0xc hal/Lcd.o
 .text          0x0000000000000000        0x0 hal/Lcd.o
 .data          0x0000000000000000        0x0 hal/Lcd.o
 .bss           0x0000000000000000        0x0 hal/Lcd.o
 .text.lcd_is_busy
                0x0000000000000000      0x12c hal/Lcd.o
 .debug_macro   0x0000000000000000      0xa60 hal/Lcd.o
 .debug_macro   0x0000000000000000       0x18 hal/Lcd.o
 .debug_macro   0x0000000000000000       0x22 hal/Lcd.o
 .debug_macro   0x0000000000000000       0x40 hal/Lcd.o
 .debug_macro   0x0000000000000000       0x94 hal/Lcd.o
 .debug_macro   0x0000000000000000       0x3c hal/Lcd.o
 .debug_macro   0x0000000000000000       0x34 hal/Lcd.o
 .debug_macro   0x0000000000000000       0x16 hal/Lcd.o
 .debug_macro   0x0000000000000000      0x10e hal/Lcd.o
 .debug_macro   0x0000000000000000       0x8d hal/Lcd.o
 .debug_macro   0x0000000000000000       0x57 hal/Lcd.o
 .debug_macro   0x0000000000000000       0x52 hal/Lcd.o
 .debug_macro   0x0000000000000000       0x1f hal/Lcd.o
 .debug_macro   0x0000000000000000       0x43 hal/Lcd.o
 .debug_macro   0x0000000000000000       0x20 hal/Lcd.o
 .debug_macro   0x0000000000000000      0x1a3 hal/Lcd.o
 .debug_macro   0x0000000000000000      0x330 hal/Lcd.o
 .debug_macro   0x0000000000000000       0x16 hal/Lcd.o
 .debug_macro   0x0000000000000000       0x29 hal/Lcd.o
 .debug_macro   0x0000000000000000       0x16 hal/Lcd.o
 .debug_macro   0x0000000000000000       0x35 hal/Lcd.o
 .debug_macro   0x0000000000000000       0x20 hal/Lcd.o
 .debug_macro   0x0000000000000000       0xef hal/Lcd.o
 .debug_macro   0x0000000000000000       0x6a hal/Lcd.o
 .debug_macro   0x0000000000000000      0x1df hal/Lcd.o
 .debug_macro   0x0000000000000000      0x282 hal/Lcd.o
 .debug_macro   0x0000000000000000       0xd0 hal/Lcd.o
 .debug_macro   0x0000000000000000       0x46 hal/Lcd.o
 .group         0x0000000000000000        0xc hal/SERVO.o
 .group         0x0000000000000000        0xc hal/SERVO.o
 .group         0x0000000000000000        0xc hal/SERVO.o
 .group         0x0000000000000000        0xc hal/SERVO.o
 .group         0x0000000000000000        0xc hal/SERVO.o
 .group         0x0000000000000000        0xc hal/SERVO.o
 .group         0x0000000000000000        0xc hal/SERVO.o
 .group         0x0000000000000000        0xc hal/SERVO.o
 .group         0x0000000000000000        0xc hal/SERVO.o
 .group         0x0000000000000000        0xc hal/SERVO.o
 .group         0x0000000000000000        0xc hal/SERVO.o
 .group         0x0000000000000000        0xc hal/SERVO.o
 .group         0x0000000000000000        0xc hal/SERVO.o
 .group         0x0000000000000000        0xc hal/SERVO.o
 .group         0x0000000000000000        0xc hal/SERVO.o
 .group         0x0000000000000000        0xc hal/SERVO.o
 .group         0x0000000000000000        0xc hal/SERVO.o
 .group         0x0000000000000000        0xc hal/SERVO.o
 .group         0x0000000000000000        0xc hal/SERVO.o
 .group         0x0000000000000000        0xc hal/SERVO.o
 .group         0x0000000000000000        0xc hal/SERVO.o
 .group         0x0000000000000000        0xc hal/SERVO.o
 .group         0x0000000000000000        0xc hal/SERVO.o
 .group         0x0000000000000000        0xc hal/SERVO.o
 .group         0x0000000000000000        0xc hal/SERVO.o
 .group         0x0000000000000000        0xc hal/SERVO.o
 .group         0x0000000000000000        0xc hal/SERVO.o
 .group         0x0000000000000000        0xc hal/SERVO.o
 .group         0x0000000000000000        0xc hal/SERVO.o
 .text          0x0000000000000000        0x0 hal/SERVO.o
 .data          0x0000000000000000        0x0 hal/SERVO.o
 .bss           0x0000000000000000        0x0 hal/SERVO.o
 .debug_macro   0x0000000000000000      0xa60 hal/SERVO.o
 .debug_macro   0x0000000000000000       0x18 hal/SERVO.o
 .debug_macro   0x0000000000000000       0x22 hal/SERVO.o
 .debug_macro   0x0000000000000000       0x40 hal/SERVO.o
 .debug_macro   0x0000000000000000       0x94 hal/SERVO.o
 .debug_macro   0x0000000000000000       0x3c hal/SERVO.o
 .debug_macro   0x0000000000000000       0x34 hal/SERVO.o
 .debug_macro   0x0000000000000000       0x16 hal/SERVO.o
 .debug_macro   0x0000000000000000      0x10e hal/SERVO.o
 .debug_macro   0x0000000000000000       0x8d hal/SERVO.o
 .debug_macro   0x0000000000000000       0x57 hal/SERVO.o
 .debug_macro   0x0000000000000000       0x52 hal/SERVO.o
 .debug_macro   0x0000000000000000       0x1f hal/SERVO.o
 .debug_macro   0x0000000000000000       0x43 hal/SERVO.o
 .debug_macro   0x0000000000000000       0x20 hal/SERVO.o
 .debug_macro   0x0000000000000000      0x1a3 hal/SERVO.o
 .debug_macro   0x0000000000000000      0x330 hal/SERVO.o
 .debug_macro   0x0000000000000000       0x16 hal/SERVO.o
 .debug_macro   0x0000000000000000       0x29 hal/SERVO.o
 .debug_macro   0x0000000000000000       0x16 hal/SERVO.o
 .debug_macro   0x0000000000000000       0x35 hal/SERVO.o
 .debug_macro   0x0000000000000000       0x20 hal/SERVO.o
 .debug_macro   0x0000000000000000       0xef hal/SERVO.o
 .debug_macro   0x0000000000000000       0x6a hal/SERVO.o
 .debug_macro   0x0000000000000000      0x1df hal/SERVO.o
 .debug_macro   0x0000000000000000      0x282 hal/SERVO.o
 .debug_macro   0x0000000000000000       0xd0 hal/SERVO.o
 .debug_macro   0x0000000000000000       0x46 hal/SERVO.o
 .debug_macro   0x0000000000000000       0x10 hal/SERVO.o
 .group         0x0000000000000000        0xc hal/timer.o
 .group         0x0000000000000000        0xc hal/timer.o
 .group         0x0000000000000000        0xc hal/timer.o
 .group         0x0000000000000000        0xc hal/timer.o
 .group         0x0000000000000000        0xc hal/timer.o
 .group         0x0000000000000000        0xc hal/timer.o
 .group         0x0000000000000000        0xc hal/timer.o
 .group         0x0000000000000000        0xc hal/timer.o
 .group         0x0000000000000000        0xc hal/timer.o
 .group         0x0000000000000000        0xc hal/timer.o
 .group         0x0000000000000000        0xc hal/timer.o
 .group         0x0000000000000000        0xc hal/timer.o
 .group         0x0000000000000000        0xc hal/timer.o
 .group         0x0000000000000000        0xc hal/timer.o
 .group         0x0000000000000000        0xc hal/timer.o
 .group         0x0000000000000000        0xc hal/timer.o
 .group         0x0000000000000000        0xc hal/timer.o
 .group         0x0000000000000000        0xc hal/timer.o
 .group         0x0000000000000000        0xc hal/timer.o
 .group         0x0000000000000000        0xc hal/timer.o
 .group         0x0000000000000000        0xc hal/timer.o
 .group         0x0000000000000000        0xc hal/timer.o
 .group         0x0000000000000000        0xc hal/timer.o
 .group         0x0000000000000000        0xc hal/timer.o
 .group         0x0000000000000000        0xc hal/timer.o
 .group         0x0000000000000000        0xc hal/timer.o
 .group         0x0000000000000000        0xc hal/timer.o
 .group         0x0000000000000000        0xc hal/timer.o
 .text          0x0000000000000000        0x0 hal/timer.o
 .data          0x0000000000000000        0x0 hal/timer.o
 .bss           0x0000000000000000        0x0 hal/timer.o
 .debug_macro   0x0000000000000000      0xa60 hal/timer.o
 .debug_macro   0x0000000000000000       0x18 hal/timer.o
 .debug_macro   0x0000000000000000       0x22 hal/timer.o
 .debug_macro   0x0000000000000000       0x40 hal/timer.o
 .debug_macro   0x0000000000000000       0x94 hal/timer.o
 .debug_macro   0x0000000000000000       0x3c hal/timer.o
 .debug_macro   0x0000000000000000       0x34 hal/timer.o
 .debug_macro   0x0000000000000000       0x16 hal/timer.o
 .debug_macro   0x0000000000000000      0x10e hal/timer.o
 .debug_macro   0x0000000000000000       0x8d hal/timer.o
 .debug_macro   0x0000000000000000       0x57 hal/timer.o
 .debug_macro   0x0000000000000000       0x52 hal/timer.o
 .debug_macro   0x0000000000000000       0x1f hal/timer.o
 .debug_macro   0x0000000000000000       0x43 hal/timer.o
 .debug_macro   0x0000000000000000       0x20 hal/timer.o
 .debug_macro   0x0000000000000000      0x1a3 hal/timer.o
 .debug_macro   0x0000000000000000      0x330 hal/timer.o
 .debug_macro   0x0000000000000000       0x16 hal/timer.o
 .debug_macro   0x0000000000000000       0x29 hal/timer.o
 .debug_macro   0x0000000000000000       0x16 hal/timer.o
 .debug_macro   0x0000000000000000       0x35 hal/timer.o
 .debug_macro   0x0000000000000000       0x20 hal/timer.o
 .debug_macro   0x0000000000000000       0xef hal/timer.o
 .debug_macro   0x0000000000000000       0x6a hal/timer.o
 .debug_macro   0x0000000000000000      0x1df hal/timer.o
 .debug_macro   0x0000000000000000      0x282 hal/timer.o
 .debug_macro   0x0000000000000000       0xd0 hal/timer.o
 .group         0x0000000000000000        0xc mcal/exti.o
 .group         0x0000000000000000        0xc mcal/exti.o
 .group         0x0000000000000000        0xc mcal/exti.o
 .group         0x0000000000000000        0xc mcal/exti.o
 .group         0x0000000000000000        0xc mcal/exti.o
 .group         0x0000000000000000        0xc mcal/exti.o
 .group         0x0000000000000000        0xc mcal/exti.o
 .group         0x0000000000000000        0xc mcal/exti.o
 .group         0x0000000000000000        0xc mcal/exti.o
 .group         0x0000000000000000        0xc mcal/exti.o
 .group         0x0000000000000000        0xc mcal/exti.o
 .group         0x0000000000000000        0xc mcal/exti.o
 .group         0x0000000000000000        0xc mcal/exti.o
 .group         0x0000000000000000        0xc mcal/exti.o
 .group         0x0000000000000000        0xc mcal/exti.o
 .group         0x0000000000000000        0xc mcal/exti.o
 .group         0x0000000000000000        0xc mcal/exti.o
 .group         0x0000000000000000        0xc mcal/exti.o
 .group         0x0000000000000000        0xc mcal/exti.o
 .group         0x0000000000000000        0xc mcal/exti.o
 .group         0x0000000000000000        0xc mcal/exti.o
 .group         0x0000000000000000        0xc mcal/exti.o
 .group         0x0000000000000000        0xc mcal/exti.o
 .group         0x0000000000000000        0xc mcal/exti.o
 .group         0x0000000000000000        0xc mcal/exti.o
 .group         0x0000000000000000        0xc mcal/exti.o
 .group         0x0000000000000000        0xc mcal/exti.o
 .group         0x0000000000000000        0xc mcal/exti.o
 .group         0x0000000000000000        0xc mcal/exti.o
 .text          0x0000000000000000        0x0 mcal/exti.o
 .data          0x0000000000000000        0x0 mcal/exti.o
 .bss           0x0000000000000000        0x0 mcal/exti.o
 .text.Enable_NVIC
                0x0000000000000000       0xcc mcal/exti.o
 .text.Disable_NVIC
                0x0000000000000000       0xcc mcal/exti.o
 .text.MCAL_EXTI_Deinit
                0x0000000000000000       0x94 mcal/exti.o
 .text.MCAL_EXTI_Init
                0x0000000000000000       0x16 mcal/exti.o
 .text.update_EXTI
                0x0000000000000000      0x1e0 mcal/exti.o
 .text.MCAL_EXTI_Update
                0x0000000000000000       0x16 mcal/exti.o
 .debug_macro   0x0000000000000000      0xa60 mcal/exti.o
 .debug_macro   0x0000000000000000       0x18 mcal/exti.o
 .debug_macro   0x0000000000000000       0x22 mcal/exti.o
 .debug_macro   0x0000000000000000       0x40 mcal/exti.o
 .debug_macro   0x0000000000000000       0x94 mcal/exti.o
 .debug_macro   0x0000000000000000       0x3c mcal/exti.o
 .debug_macro   0x0000000000000000       0x34 mcal/exti.o
 .debug_macro   0x0000000000000000       0x16 mcal/exti.o
 .debug_macro   0x0000000000000000      0x10e mcal/exti.o
 .debug_macro   0x0000000000000000       0x8d mcal/exti.o
 .debug_macro   0x0000000000000000       0x57 mcal/exti.o
 .debug_macro   0x0000000000000000       0x52 mcal/exti.o
 .debug_macro   0x0000000000000000       0x1f mcal/exti.o
 .debug_macro   0x0000000000000000       0x43 mcal/exti.o
 .debug_macro   0x0000000000000000       0x20 mcal/exti.o
 .debug_macro   0x0000000000000000      0x1a3 mcal/exti.o
 .debug_macro   0x0000000000000000      0x330 mcal/exti.o
 .debug_macro   0x0000000000000000       0x16 mcal/exti.o
 .debug_macro   0x0000000000000000       0x29 mcal/exti.o
 .debug_macro   0x0000000000000000       0x16 mcal/exti.o
 .debug_macro   0x0000000000000000       0x35 mcal/exti.o
 .debug_macro   0x0000000000000000       0x20 mcal/exti.o
 .debug_macro   0x0000000000000000       0xef mcal/exti.o
 .debug_macro   0x0000000000000000       0x6a mcal/exti.o
 .debug_macro   0x0000000000000000      0x1df mcal/exti.o
 .debug_macro   0x0000000000000000      0x282 mcal/exti.o
 .debug_macro   0x0000000000000000       0x10 mcal/exti.o
 .group         0x0000000000000000        0xc mcal/gpio.o
 .group         0x0000000000000000        0xc mcal/gpio.o
 .group         0x0000000000000000        0xc mcal/gpio.o
 .group         0x0000000000000000        0xc mcal/gpio.o
 .group         0x0000000000000000        0xc mcal/gpio.o
 .group         0x0000000000000000        0xc mcal/gpio.o
 .group         0x0000000000000000        0xc mcal/gpio.o
 .group         0x0000000000000000        0xc mcal/gpio.o
 .group         0x0000000000000000        0xc mcal/gpio.o
 .group         0x0000000000000000        0xc mcal/gpio.o
 .group         0x0000000000000000        0xc mcal/gpio.o
 .group         0x0000000000000000        0xc mcal/gpio.o
 .group         0x0000000000000000        0xc mcal/gpio.o
 .group         0x0000000000000000        0xc mcal/gpio.o
 .group         0x0000000000000000        0xc mcal/gpio.o
 .group         0x0000000000000000        0xc mcal/gpio.o
 .group         0x0000000000000000        0xc mcal/gpio.o
 .group         0x0000000000000000        0xc mcal/gpio.o
 .group         0x0000000000000000        0xc mcal/gpio.o
 .group         0x0000000000000000        0xc mcal/gpio.o
 .group         0x0000000000000000        0xc mcal/gpio.o
 .group         0x0000000000000000        0xc mcal/gpio.o
 .group         0x0000000000000000        0xc mcal/gpio.o
 .group         0x0000000000000000        0xc mcal/gpio.o
 .group         0x0000000000000000        0xc mcal/gpio.o
 .group         0x0000000000000000        0xc mcal/gpio.o
 .group         0x0000000000000000        0xc mcal/gpio.o
 .text          0x0000000000000000        0x0 mcal/gpio.o
 .data          0x0000000000000000        0x0 mcal/gpio.o
 .bss           0x0000000000000000        0x0 mcal/gpio.o
 .text.MCAL_GPIO_DeInit
                0x0000000000000000       0xd4 mcal/gpio.o
 .text.MCAL_GPIO_LockPin
                0x0000000000000000       0x4e mcal/gpio.o
 .text.MCAL_GPIO_WriteGroup
                0x0000000000000000       0x3a mcal/gpio.o
 .debug_macro   0x0000000000000000      0xa60 mcal/gpio.o
 .debug_macro   0x0000000000000000       0x18 mcal/gpio.o
 .debug_macro   0x0000000000000000       0x22 mcal/gpio.o
 .debug_macro   0x0000000000000000       0x40 mcal/gpio.o
 .debug_macro   0x0000000000000000       0x94 mcal/gpio.o
 .debug_macro   0x0000000000000000       0x3c mcal/gpio.o
 .debug_macro   0x0000000000000000       0x34 mcal/gpio.o
 .debug_macro   0x0000000000000000       0x16 mcal/gpio.o
 .debug_macro   0x0000000000000000      0x10e mcal/gpio.o
 .debug_macro   0x0000000000000000       0x8d mcal/gpio.o
 .debug_macro   0x0000000000000000       0x57 mcal/gpio.o
 .debug_macro   0x0000000000000000       0x52 mcal/gpio.o
 .debug_macro   0x0000000000000000       0x1f mcal/gpio.o
 .debug_macro   0x0000000000000000       0x43 mcal/gpio.o
 .debug_macro   0x0000000000000000       0x20 mcal/gpio.o
 .debug_macro   0x0000000000000000      0x1a3 mcal/gpio.o
 .debug_macro   0x0000000000000000      0x330 mcal/gpio.o
 .debug_macro   0x0000000000000000       0x16 mcal/gpio.o
 .debug_macro   0x0000000000000000       0x29 mcal/gpio.o
 .debug_macro   0x0000000000000000       0x16 mcal/gpio.o
 .debug_macro   0x0000000000000000       0x35 mcal/gpio.o
 .debug_macro   0x0000000000000000       0x20 mcal/gpio.o
 .debug_macro   0x0000000000000000       0xef mcal/gpio.o
 .debug_macro   0x0000000000000000       0x6a mcal/gpio.o
 .debug_macro   0x0000000000000000      0x1df mcal/gpio.o
 .debug_macro   0x0000000000000000      0x282 mcal/gpio.o
 .debug_macro   0x0000000000000000       0xd0 mcal/gpio.o
 .group         0x0000000000000000        0xc mcal/rcc.o
 .group         0x0000000000000000        0xc mcal/rcc.o
 .group         0x0000000000000000        0xc mcal/rcc.o
 .group         0x0000000000000000        0xc mcal/rcc.o
 .group         0x0000000000000000        0xc mcal/rcc.o
 .group         0x0000000000000000        0xc mcal/rcc.o
 .group         0x0000000000000000        0xc mcal/rcc.o
 .group         0x0000000000000000        0xc mcal/rcc.o
 .group         0x0000000000000000        0xc mcal/rcc.o
 .group         0x0000000000000000        0xc mcal/rcc.o
 .group         0x0000000000000000        0xc mcal/rcc.o
 .group         0x0000000000000000        0xc mcal/rcc.o
 .group         0x0000000000000000        0xc mcal/rcc.o
 .group         0x0000000000000000        0xc mcal/rcc.o
 .group         0x0000000000000000        0xc mcal/rcc.o
 .group         0x0000000000000000        0xc mcal/rcc.o
 .group         0x0000000000000000        0xc mcal/rcc.o
 .group         0x0000000000000000        0xc mcal/rcc.o
 .group         0x0000000000000000        0xc mcal/rcc.o
 .group         0x0000000000000000        0xc mcal/rcc.o
 .group         0x0000000000000000        0xc mcal/rcc.o
 .group         0x0000000000000000        0xc mcal/rcc.o
 .group         0x0000000000000000        0xc mcal/rcc.o
 .group         0x0000000000000000        0xc mcal/rcc.o
 .group         0x0000000000000000        0xc mcal/rcc.o
 .group         0x0000000000000000        0xc mcal/rcc.o
 .group         0x0000000000000000        0xc mcal/rcc.o
 .text          0x0000000000000000        0x0 mcal/rcc.o
 .data          0x0000000000000000        0x0 mcal/rcc.o
 .bss           0x0000000000000000        0x0 mcal/rcc.o
 .debug_macro   0x0000000000000000      0xa60 mcal/rcc.o
 .debug_macro   0x0000000000000000       0x18 mcal/rcc.o
 .debug_macro   0x0000000000000000       0x22 mcal/rcc.o
 .debug_macro   0x0000000000000000       0x40 mcal/rcc.o
 .debug_macro   0x0000000000000000       0x94 mcal/rcc.o
 .debug_macro   0x0000000000000000       0x3c mcal/rcc.o
 .debug_macro   0x0000000000000000       0x34 mcal/rcc.o
 .debug_macro   0x0000000000000000       0x16 mcal/rcc.o
 .debug_macro   0x0000000000000000      0x10e mcal/rcc.o
 .debug_macro   0x0000000000000000       0x8d mcal/rcc.o
 .debug_macro   0x0000000000000000       0x57 mcal/rcc.o
 .debug_macro   0x0000000000000000       0x52 mcal/rcc.o
 .debug_macro   0x0000000000000000       0x1f mcal/rcc.o
 .debug_macro   0x0000000000000000       0x43 mcal/rcc.o
 .debug_macro   0x0000000000000000       0x20 mcal/rcc.o
 .debug_macro   0x0000000000000000      0x1a3 mcal/rcc.o
 .debug_macro   0x0000000000000000      0x330 mcal/rcc.o
 .debug_macro   0x0000000000000000       0x16 mcal/rcc.o
 .debug_macro   0x0000000000000000       0x29 mcal/rcc.o
 .debug_macro   0x0000000000000000       0x16 mcal/rcc.o
 .debug_macro   0x0000000000000000       0x35 mcal/rcc.o
 .debug_macro   0x0000000000000000       0x20 mcal/rcc.o
 .debug_macro   0x0000000000000000       0xef mcal/rcc.o
 .debug_macro   0x0000000000000000       0x6a mcal/rcc.o
 .debug_macro   0x0000000000000000      0x1df mcal/rcc.o
 .debug_macro   0x0000000000000000      0x282 mcal/rcc.o
 .debug_macro   0x0000000000000000       0xd6 mcal/rcc.o
 .group         0x0000000000000000        0xc mcal/uart.o
 .group         0x0000000000000000        0xc mcal/uart.o
 .group         0x0000000000000000        0xc mcal/uart.o
 .group         0x0000000000000000        0xc mcal/uart.o
 .group         0x0000000000000000        0xc mcal/uart.o
 .group         0x0000000000000000        0xc mcal/uart.o
 .group         0x0000000000000000        0xc mcal/uart.o
 .group         0x0000000000000000        0xc mcal/uart.o
 .group         0x0000000000000000        0xc mcal/uart.o
 .group         0x0000000000000000        0xc mcal/uart.o
 .group         0x0000000000000000        0xc mcal/uart.o
 .group         0x0000000000000000        0xc mcal/uart.o
 .group         0x0000000000000000        0xc mcal/uart.o
 .group         0x0000000000000000        0xc mcal/uart.o
 .group         0x0000000000000000        0xc mcal/uart.o
 .group         0x0000000000000000        0xc mcal/uart.o
 .group         0x0000000000000000        0xc mcal/uart.o
 .group         0x0000000000000000        0xc mcal/uart.o
 .group         0x0000000000000000        0xc mcal/uart.o
 .group         0x0000000000000000        0xc mcal/uart.o
 .group         0x0000000000000000        0xc mcal/uart.o
 .group         0x0000000000000000        0xc mcal/uart.o
 .group         0x0000000000000000        0xc mcal/uart.o
 .group         0x0000000000000000        0xc mcal/uart.o
 .group         0x0000000000000000        0xc mcal/uart.o
 .group         0x0000000000000000        0xc mcal/uart.o
 .group         0x0000000000000000        0xc mcal/uart.o
 .group         0x0000000000000000        0xc mcal/uart.o
 .group         0x0000000000000000        0xc mcal/uart.o
 .text          0x0000000000000000        0x0 mcal/uart.o
 .data          0x0000000000000000        0x0 mcal/uart.o
 .bss           0x0000000000000000        0x0 mcal/uart.o
 .text.MCAL_UART_DeInit
                0x0000000000000000       0x8c mcal/uart.o
 .text.MCAL_UART_WAIT_TC
                0x0000000000000000       0x20 mcal/uart.o
 .debug_macro   0x0000000000000000      0xa60 mcal/uart.o
 .debug_macro   0x0000000000000000       0x18 mcal/uart.o
 .debug_macro   0x0000000000000000       0x22 mcal/uart.o
 .debug_macro   0x0000000000000000       0x40 mcal/uart.o
 .debug_macro   0x0000000000000000       0x94 mcal/uart.o
 .debug_macro   0x0000000000000000       0x3c mcal/uart.o
 .debug_macro   0x0000000000000000       0x34 mcal/uart.o
 .debug_macro   0x0000000000000000       0x16 mcal/uart.o
 .debug_macro   0x0000000000000000      0x10e mcal/uart.o
 .debug_macro   0x0000000000000000       0x8d mcal/uart.o
 .debug_macro   0x0000000000000000       0x57 mcal/uart.o
 .debug_macro   0x0000000000000000       0x52 mcal/uart.o
 .debug_macro   0x0000000000000000       0x1f mcal/uart.o
 .debug_macro   0x0000000000000000       0x43 mcal/uart.o
 .debug_macro   0x0000000000000000       0x20 mcal/uart.o
 .debug_macro   0x0000000000000000      0x1a3 mcal/uart.o
 .debug_macro   0x0000000000000000      0x330 mcal/uart.o
 .debug_macro   0x0000000000000000       0x16 mcal/uart.o
 .debug_macro   0x0000000000000000       0x29 mcal/uart.o
 .debug_macro   0x0000000000000000       0x16 mcal/uart.o
 .debug_macro   0x0000000000000000       0x35 mcal/uart.o
 .debug_macro   0x0000000000000000       0x20 mcal/uart.o
 .debug_macro   0x0000000000000000       0xef mcal/uart.o
 .debug_macro   0x0000000000000000       0x6a mcal/uart.o
 .debug_macro   0x0000000000000000      0x1df mcal/uart.o
 .debug_macro   0x0000000000000000      0x282 mcal/uart.o
 .debug_macro   0x0000000000000000       0xd6 mcal/uart.o
 .debug_macro   0x0000000000000000       0x10 mcal/uart.o
 .debug_macro   0x0000000000000000       0xed mcal/uart.o
 .text          0x0000000000000000        0x0 c:/program files (x86)/stm32cubeide_1.4.0/stm32cubeide/plugins/com.st.stm32cube.ide.mcu.externaltools.gnu-tools-for-stm32.7-2018-q2-update.win32_1.4.0.202007081208/tools/bin/../lib/gcc/arm-none-eabi/7.3.1/../../../../arm-none-eabi/lib/thumb/v7-m\libc_nano.a(lib_a-errno.o)
 .data          0x0000000000000000        0x0 c:/program files (x86)/stm32cubeide_1.4.0/stm32cubeide/plugins/com.st.stm32cube.ide.mcu.externaltools.gnu-tools-for-stm32.7-2018-q2-update.win32_1.4.0.202007081208/tools/bin/../lib/gcc/arm-none-eabi/7.3.1/../../../../arm-none-eabi/lib/thumb/v7-m\libc_nano.a(lib_a-errno.o)
 .bss           0x0000000000000000        0x0 c:/program files (x86)/stm32cubeide_1.4.0/stm32cubeide/plugins/com.st.stm32cube.ide.mcu.externaltools.gnu-tools-for-stm32.7-2018-q2-update.win32_1.4.0.202007081208/tools/bin/../lib/gcc/arm-none-eabi/7.3.1/../../../../arm-none-eabi/lib/thumb/v7-m\libc_nano.a(lib_a-errno.o)
 .text.__errno  0x0000000000000000        0xc c:/program files (x86)/stm32cubeide_1.4.0/stm32cubeide/plugins/com.st.stm32cube.ide.mcu.externaltools.gnu-tools-for-stm32.7-2018-q2-update.win32_1.4.0.202007081208/tools/bin/../lib/gcc/arm-none-eabi/7.3.1/../../../../arm-none-eabi/lib/thumb/v7-m\libc_nano.a(lib_a-errno.o)
 .debug_frame   0x0000000000000000       0x20 c:/program files (x86)/stm32cubeide_1.4.0/stm32cubeide/plugins/com.st.stm32cube.ide.mcu.externaltools.gnu-tools-for-stm32.7-2018-q2-update.win32_1.4.0.202007081208/tools/bin/../lib/gcc/arm-none-eabi/7.3.1/../../../../arm-none-eabi/lib/thumb/v7-m\libc_nano.a(lib_a-errno.o)
 .ARM.attributes
                0x0000000000000000       0x2d c:/program files (x86)/stm32cubeide_1.4.0/stm32cubeide/plugins/com.st.stm32cube.ide.mcu.externaltools.gnu-tools-for-stm32.7-2018-q2-update.win32_1.4.0.202007081208/tools/bin/../lib/gcc/arm-none-eabi/7.3.1/../../../../arm-none-eabi/lib/thumb/v7-m\libc_nano.a(lib_a-errno.o)
 .text          0x0000000000000000        0x0 c:/program files (x86)/stm32cubeide_1.4.0/stm32cubeide/plugins/com.st.stm32cube.ide.mcu.externaltools.gnu-tools-for-stm32.7-2018-q2-update.win32_1.4.0.202007081208/tools/bin/../lib/gcc/arm-none-eabi/7.3.1/../../../../arm-none-eabi/lib/thumb/v7-m\libc_nano.a(lib_a-exit.o)
 .data          0x0000000000000000        0x0 c:/program files (x86)/stm32cubeide_1.4.0/stm32cubeide/plugins/com.st.stm32cube.ide.mcu.externaltools.gnu-tools-for-stm32.7-2018-q2-update.win32_1.4.0.202007081208/tools/bin/../lib/gcc/arm-none-eabi/7.3.1/../../../../arm-none-eabi/lib/thumb/v7-m\libc_nano.a(lib_a-exit.o)
 .bss           0x0000000000000000        0x0 c:/program files (x86)/stm32cubeide_1.4.0/stm32cubeide/plugins/com.st.stm32cube.ide.mcu.externaltools.gnu-tools-for-stm32.7-2018-q2-update.win32_1.4.0.202007081208/tools/bin/../lib/gcc/arm-none-eabi/7.3.1/../../../../arm-none-eabi/lib/thumb/v7-m\libc_nano.a(lib_a-exit.o)
 .text.exit     0x0000000000000000       0x28 c:/program files (x86)/stm32cubeide_1.4.0/stm32cubeide/plugins/com.st.stm32cube.ide.mcu.externaltools.gnu-tools-for-stm32.7-2018-q2-update.win32_1.4.0.202007081208/tools/bin/../lib/gcc/arm-none-eabi/7.3.1/../../../../arm-none-eabi/lib/thumb/v7-m\libc_nano.a(lib_a-exit.o)
 .debug_frame   0x0000000000000000       0x28 c:/program files (x86)/stm32cubeide_1.4.0/stm32cubeide/plugins/com.st.stm32cube.ide.mcu.externaltools.gnu-tools-for-stm32.7-2018-q2-update.win32_1.4.0.202007081208/tools/bin/../lib/gcc/arm-none-eabi/7.3.1/../../../../arm-none-eabi/lib/thumb/v7-m\libc_nano.a(lib_a-exit.o)
 .ARM.attributes
                0x0000000000000000       0x2d c:/program files (x86)/stm32cubeide_1.4.0/stm32cubeide/plugins/com.st.stm32cube.ide.mcu.externaltools.gnu-tools-for-stm32.7-2018-q2-update.win32_1.4.0.202007081208/tools/bin/../lib/gcc/arm-none-eabi/7.3.1/../../../../arm-none-eabi/lib/thumb/v7-m\libc_nano.a(lib_a-exit.o)
 .text          0x0000000000000000        0x0 c:/program files (x86)/stm32cubeide_1.4.0/stm32cubeide/plugins/com.st.stm32cube.ide.mcu.externaltools.gnu-tools-for-stm32.7-2018-q2-update.win32_1.4.0.202007081208/tools/bin/../lib/gcc/arm-none-eabi/7.3.1/../../../../arm-none-eabi/lib/thumb/v7-m\libc_nano.a(lib_a-impure.o)
 .data          0x0000000000000000        0x0 c:/program files (x86)/stm32cubeide_1.4.0/stm32cubeide/plugins/com.st.stm32cube.ide.mcu.externaltools.gnu-tools-for-stm32.7-2018-q2-update.win32_1.4.0.202007081208/tools/bin/../lib/gcc/arm-none-eabi/7.3.1/../../../../arm-none-eabi/lib/thumb/v7-m\libc_nano.a(lib_a-impure.o)
 .bss           0x0000000000000000        0x0 c:/program files (x86)/stm32cubeide_1.4.0/stm32cubeide/plugins/com.st.stm32cube.ide.mcu.externaltools.gnu-tools-for-stm32.7-2018-q2-update.win32_1.4.0.202007081208/tools/bin/../lib/gcc/arm-none-eabi/7.3.1/../../../../arm-none-eabi/lib/thumb/v7-m\libc_nano.a(lib_a-impure.o)
 .data._impure_ptr
                0x0000000000000000        0x4 c:/program files (x86)/stm32cubeide_1.4.0/stm32cubeide/plugins/com.st.stm32cube.ide.mcu.externaltools.gnu-tools-for-stm32.7-2018-q2-update.win32_1.4.0.202007081208/tools/bin/../lib/gcc/arm-none-eabi/7.3.1/../../../../arm-none-eabi/lib/thumb/v7-m\libc_nano.a(lib_a-impure.o)
 .data.impure_data
                0x0000000000000000       0x60 c:/program files (x86)/stm32cubeide_1.4.0/stm32cubeide/plugins/com.st.stm32cube.ide.mcu.externaltools.gnu-tools-for-stm32.7-2018-q2-update.win32_1.4.0.202007081208/tools/bin/../lib/gcc/arm-none-eabi/7.3.1/../../../../arm-none-eabi/lib/thumb/v7-m\libc_nano.a(lib_a-impure.o)
 .rodata._global_impure_ptr
                0x0000000000000000        0x4 c:/program files (x86)/stm32cubeide_1.4.0/stm32cubeide/plugins/com.st.stm32cube.ide.mcu.externaltools.gnu-tools-for-stm32.7-2018-q2-update.win32_1.4.0.202007081208/tools/bin/../lib/gcc/arm-none-eabi/7.3.1/../../../../arm-none-eabi/lib/thumb/v7-m\libc_nano.a(lib_a-impure.o)
 .ARM.attributes
                0x0000000000000000       0x2d c:/program files (x86)/stm32cubeide_1.4.0/stm32cubeide/plugins/com.st.stm32cube.ide.mcu.externaltools.gnu-tools-for-stm32.7-2018-q2-update.win32_1.4.0.202007081208/tools/bin/../lib/gcc/arm-none-eabi/7.3.1/../../../../arm-none-eabi/lib/thumb/v7-m\libc_nano.a(lib_a-impure.o)
 .text          0x0000000000000000        0x0 c:/program files (x86)/stm32cubeide_1.4.0/stm32cubeide/plugins/com.st.stm32cube.ide.mcu.externaltools.gnu-tools-for-stm32.7-2018-q2-update.win32_1.4.0.202007081208/tools/bin/../lib/gcc/arm-none-eabi/7.3.1/../../../../arm-none-eabi/lib/thumb/v7-m\libc_nano.a(lib_a-init.o)
 .data          0x0000000000000000        0x0 c:/program files (x86)/stm32cubeide_1.4.0/stm32cubeide/plugins/com.st.stm32cube.ide.mcu.externaltools.gnu-tools-for-stm32.7-2018-q2-update.win32_1.4.0.202007081208/tools/bin/../lib/gcc/arm-none-eabi/7.3.1/../../../../arm-none-eabi/lib/thumb/v7-m\libc_nano.a(lib_a-init.o)
 .bss           0x0000000000000000        0x0 c:/program files (x86)/stm32cubeide_1.4.0/stm32cubeide/plugins/com.st.stm32cube.ide.mcu.externaltools.gnu-tools-for-stm32.7-2018-q2-update.win32_1.4.0.202007081208/tools/bin/../lib/gcc/arm-none-eabi/7.3.1/../../../../arm-none-eabi/lib/thumb/v7-m\libc_nano.a(lib_a-init.o)
 .text          0x0000000000000000        0x0 c:/program files (x86)/stm32cubeide_1.4.0/stm32cubeide/plugins/com.st.stm32cube.ide.mcu.externaltools.gnu-tools-for-stm32.7-2018-q2-update.win32_1.4.0.202007081208/tools/bin/../lib/gcc/arm-none-eabi/7.3.1/../../../../arm-none-eabi/lib/thumb/v7-m\libc_nano.a(lib_a-memset.o)
 .data          0x0000000000000000        0x0 c:/program files (x86)/stm32cubeide_1.4.0/stm32cubeide/plugins/com.st.stm32cube.ide.mcu.externaltools.gnu-tools-for-stm32.7-2018-q2-update.win32_1.4.0.202007081208/tools/bin/../lib/gcc/arm-none-eabi/7.3.1/../../../../arm-none-eabi/lib/thumb/v7-m\libc_nano.a(lib_a-memset.o)
 .bss           0x0000000000000000        0x0 c:/program files (x86)/stm32cubeide_1.4.0/stm32cubeide/plugins/com.st.stm32cube.ide.mcu.externaltools.gnu-tools-for-stm32.7-2018-q2-update.win32_1.4.0.202007081208/tools/bin/../lib/gcc/arm-none-eabi/7.3.1/../../../../arm-none-eabi/lib/thumb/v7-m\libc_nano.a(lib_a-memset.o)
 .text.memset   0x0000000000000000       0x10 c:/program files (x86)/stm32cubeide_1.4.0/stm32cubeide/plugins/com.st.stm32cube.ide.mcu.externaltools.gnu-tools-for-stm32.7-2018-q2-update.win32_1.4.0.202007081208/tools/bin/../lib/gcc/arm-none-eabi/7.3.1/../../../../arm-none-eabi/lib/thumb/v7-m\libc_nano.a(lib_a-memset.o)
 .debug_frame   0x0000000000000000       0x20 c:/program files (x86)/stm32cubeide_1.4.0/stm32cubeide/plugins/com.st.stm32cube.ide.mcu.externaltools.gnu-tools-for-stm32.7-2018-q2-update.win32_1.4.0.202007081208/tools/bin/../lib/gcc/arm-none-eabi/7.3.1/../../../../arm-none-eabi/lib/thumb/v7-m\libc_nano.a(lib_a-memset.o)
 .ARM.attributes
                0x0000000000000000       0x2d c:/program files (x86)/stm32cubeide_1.4.0/stm32cubeide/plugins/com.st.stm32cube.ide.mcu.externaltools.gnu-tools-for-stm32.7-2018-q2-update.win32_1.4.0.202007081208/tools/bin/../lib/gcc/arm-none-eabi/7.3.1/../../../../arm-none-eabi/lib/thumb/v7-m\libc_nano.a(lib_a-memset.o)
 .text          0x0000000000000000        0x0 c:/program files (x86)/stm32cubeide_1.4.0/stm32cubeide/plugins/com.st.stm32cube.ide.mcu.externaltools.gnu-tools-for-stm32.7-2018-q2-update.win32_1.4.0.202007081208/tools/bin/../lib/gcc/arm-none-eabi/7.3.1/thumb/v7-m/crtend.o
 .data          0x0000000000000000        0x0 c:/program files (x86)/stm32cubeide_1.4.0/stm32cubeide/plugins/com.st.stm32cube.ide.mcu.externaltools.gnu-tools-for-stm32.7-2018-q2-update.win32_1.4.0.202007081208/tools/bin/../lib/gcc/arm-none-eabi/7.3.1/thumb/v7-m/crtend.o
 .bss           0x0000000000000000        0x0 c:/program files (x86)/stm32cubeide_1.4.0/stm32cubeide/plugins/com.st.stm32cube.ide.mcu.externaltools.gnu-tools-for-stm32.7-2018-q2-update.win32_1.4.0.202007081208/tools/bin/../lib/gcc/arm-none-eabi/7.3.1/thumb/v7-m/crtend.o
 .eh_frame      0x0000000000000000        0x4 c:/program files (x86)/stm32cubeide_1.4.0/stm32cubeide/plugins/com.st.stm32cube.ide.mcu.externaltools.gnu-tools-for-stm32.7-2018-q2-update.win32_1.4.0.202007081208/tools/bin/../lib/gcc/arm-none-eabi/7.3.1/thumb/v7-m/crtend.o
 .ARM.attributes
                0x0000000000000000       0x2d c:/program files (x86)/stm32cubeide_1.4.0/stm32cubeide/plugins/com.st.stm32cube.ide.mcu.externaltools.gnu-tools-for-stm32.7-2018-q2-update.win32_1.4.0.202007081208/tools/bin/../lib/gcc/arm-none-eabi/7.3.1/thumb/v7-m/crtend.o
 .text          0x0000000000000000        0x0 c:/program files (x86)/stm32cubeide_1.4.0/stm32cubeide/plugins/com.st.stm32cube.ide.mcu.externaltools.gnu-tools-for-stm32.7-2018-q2-update.win32_1.4.0.202007081208/tools/bin/../lib/gcc/arm-none-eabi/7.3.1/thumb/v7-m/crtn.o
 .data          0x0000000000000000        0x0 c:/program files (x86)/stm32cubeide_1.4.0/stm32cubeide/plugins/com.st.stm32cube.ide.mcu.externaltools.gnu-tools-for-stm32.7-2018-q2-update.win32_1.4.0.202007081208/tools/bin/../lib/gcc/arm-none-eabi/7.3.1/thumb/v7-m/crtn.o
 .bss           0x0000000000000000        0x0 c:/program files (x86)/stm32cubeide_1.4.0/stm32cubeide/plugins/com.st.stm32cube.ide.mcu.externaltools.gnu-tools-for-stm32.7-2018-q2-update.win32_1.4.0.202007081208/tools/bin/../lib/gcc/arm-none-eabi/7.3.1/thumb/v7-m/crtn.o

Memory Configuration

Name             Origin             Length             Attributes
RAM              0x0000000020000000 0x0000000000002800 xrw
ROM              0x0000000008000000 0x0000000000008000 xr
*default*        0x0000000000000000 0xffffffffffffffff

Linker script and memory map

LOAD c:/program files (x86)/stm32cubeide_1.4.0/stm32cubeide/plugins/com.st.stm32cube.ide.mcu.externaltools.gnu-tools-for-stm32.7-2018-q2-update.win32_1.4.0.202007081208/tools/bin/../lib/gcc/arm-none-eabi/7.3.1/thumb/v7-m/crti.o
LOAD c:/program files (x86)/stm32cubeide_1.4.0/stm32cubeide/plugins/com.st.stm32cube.ide.mcu.externaltools.gnu-tools-for-stm32.7-2018-q2-update.win32_1.4.0.202007081208/tools/bin/../lib/gcc/arm-none-eabi/7.3.1/thumb/v7-m/crtbegin.o
LOAD c:/program files (x86)/stm32cubeide_1.4.0/stm32cubeide/plugins/com.st.stm32cube.ide.mcu.externaltools.gnu-tools-for-stm32.7-2018-q2-update.win32_1.4.0.202007081208/tools/bin/../lib/gcc/arm-none-eabi/7.3.1/../../../../arm-none-eabi/lib/thumb/v7-m/crt0.o
LOAD Src/main.o
LOAD Src/syscalls.o
LOAD Src/sysmem.o
LOAD Startup/startup_stm32f103c6tx.o
LOAD hal/KEYPAD.o
LOAD hal/Lcd.o
LOAD hal/SERVO.o
LOAD hal/timer.o
LOAD mcal/exti.o
LOAD mcal/gpio.o
LOAD mcal/rcc.o
LOAD mcal/uart.o
START GROUP
LOAD c:/program files (x86)/stm32cubeide_1.4.0/stm32cubeide/plugins/com.st.stm32cube.ide.mcu.externaltools.gnu-tools-for-stm32.7-2018-q2-update.win32_1.4.0.202007081208/tools/bin/../lib/gcc/arm-none-eabi/7.3.1/../../../../arm-none-eabi/lib/thumb/v7-m\libc_nano.a
LOAD c:/program files (x86)/stm32cubeide_1.4.0/stm32cubeide/plugins/com.st.stm32cube.ide.mcu.externaltools.gnu-tools-for-stm32.7-2018-q2-update.win32_1.4.0.202007081208/tools/bin/../lib/gcc/arm-none-eabi/7.3.1/../../../../arm-none-eabi/lib/thumb/v7-m\libm.a
END GROUP
START GROUP
LOAD c:/program files (x86)/stm32cubeide_1.4.0/stm32cubeide/plugins/com.st.stm32cube.ide.mcu.externaltools.gnu-tools-for-stm32.7-2018-q2-update.win32_1.4.0.202007081208/tools/bin/../lib/gcc/arm-none-eabi/7.3.1/thumb/v7-m\libgcc.a
LOAD c:/program files (x86)/stm32cubeide_1.4.0/stm32cubeide/plugins/com.st.stm32cube.ide.mcu.externaltools.gnu-tools-for-stm32.7-2018-q2-update.win32_1.4.0.202007081208/tools/bin/../lib/gcc/arm-none-eabi/7.3.1/../../../../arm-none-eabi/lib/thumb/v7-m\libg_nano.a
LOAD c:/program files (x86)/stm32cubeide_1.4.0/stm32cubeide/plugins/com.st.stm32cube.ide.mcu.externaltools.gnu-tools-for-stm32.7-2018-q2-update.win32_1.4.0.202007081208/tools/bin/../lib/gcc/arm-none-eabi/7.3.1/../../../../arm-none-eabi/lib/thumb/v7-m\libc_nano.a
END GROUP
START GROUP
LOAD c:/program files (x86)/stm32cubeide_1.4.0/stm32cubeide/plugins/com.st.stm32cube.ide.mcu.externaltools.gnu-tools-for-stm32.7-2018-q2-update.win32_1.4.0.202007081208/tools/bin/../lib/gcc/arm-none-eabi/7.3.1/thumb/v7-m\libgcc.a
LOAD c:/program files (x86)/stm32cubeide_1.4.0/stm32cubeide/plugins/com.st.stm32cube.ide.mcu.externaltools.gnu-tools-for-stm32.7-2018-q2-update.win32_1.4.0.202007081208/tools/bin/../lib/gcc/arm-none-eabi/7.3.1/../../../../arm-none-eabi/lib/thumb/v7-m\libc_nano.a
LOAD c:/program files (x86)/stm32cubeide_1.4.0/stm32cubeide/plugins/com.st.stm32cube.ide.mcu.externaltools.gnu-tools-for-stm32.7-2018-q2-update.win32_1.4.0.202007081208/tools/bin/../lib/gcc/arm-none-eabi/7.3.1/../../../../arm-none-eabi/lib/thumb/v7-m\libnosys.a
END GROUP
START GROUP
LOAD c:/program files (x86)/stm32cubeide_1.4.0/stm32cubeide/plugins/com.st.stm32cube.ide.mcu.externaltools.gnu-tools-for-stm32.7-2018-q2-update.win32_1.4.0.202007081208/tools/bin/../lib/gcc/arm-none-eabi/7.3.1/thumb/v7-m\libgcc.a
LOAD c:/program files (x86)/stm32cubeide_1.4.0/stm32cubeide/plugins/com.st.stm32cube.ide.mcu.externaltools.gnu-tools-for-stm32.7-2018-q2-update.win32_1.4.0.202007081208/tools/bin/../lib/gcc/arm-none-eabi/7.3.1/../../../../arm-none-eabi/lib/thumb/v7-m\libc_nano.a
LOAD c:/program files (x86)/stm32cubeide_1.4.0/stm32cubeide/plugins/com.st.stm32cube.ide.mcu.externaltools.gnu-tools-for-stm32.7-2018-q2-update.win32_1.4.0.202007081208/tools/bin/../lib/gcc/arm-none-eabi/7.3.1/../../../../arm-none-eabi/lib/thumb/v7-m\libnosys.a
END GROUP
LOAD c:/program files (x86)/stm32cubeide_1.4.0/stm32cubeide/plugins/com.st.stm32cube.ide.mcu.externaltools.gnu-tools-for-stm32.7-2018-q2-update.win32_1.4.0.202007081208/tools/bin/../lib/gcc/arm-none-eabi/7.3.1/thumb/v7-m/crtend.o
LOAD c:/program files (x86)/stm32cubeide_1.4.0/stm32cubeide/plugins/com.st.stm32cube.ide.mcu.externaltools.gnu-tools-for-stm32.7-2018-q2-update.win32_1.4.0.202007081208/tools/bin/../lib/gcc/arm-none-eabi/7.3.1/thumb/v7-m/crtn.o
                0x0000000020002800                _estack = (ORIGIN (RAM) + LENGTH (RAM))
                0x0000000000000200                _Min_Heap_Size = 0x200
                0x0000000000000400                _Min_Stack_Size = 0x400

.isr_vector     0x0000000008000000      0x130
                0x0000000008000000                . = ALIGN (0x4)
 *(.isr_vector)
 .isr_vector    0x0000000008000000      0x130 Startup/startup_stm32f103c6tx.o
                0x0000000008000000                g_pfnVectors
                0x0000000008000130                . = ALIGN (0x4)

.text           0x0000000008000130     0x1ee0
                0x0000000008000130                . = ALIGN (0x4)
 *(.text)
 .text          0x0000000008000130       0x40 c:/program files (x86)/stm32cubeide_1.4.0/stm32cubeide/plugins/com.st.stm32cube.ide.mcu.externaltools.gnu-tools-for-stm32.7-2018-q2-update.win32_1.4.0.202007081208/tools/bin/../lib/gcc/arm-none-eabi/7.3.1/thumb/v7-m/crtbegin.o
 *(.text*)
 .text.main     0x0000000008000170      0x3c0 Src/main.o
                0x0000000008000170                main
 .text.RFID_CARD_Enter_CallBack
                0x0000000008000530       0x24 Src/main.o
                0x0000000008000530                RFID_CARD_Enter_CallBack
 .text.RFID_CARD_EXIT_CallBack
                0x0000000008000554       0x24 Src/main.o
                0x0000000008000554                RFID_CARD_EXIT_CallBack
 .text.Welcome  0x0000000008000578       0x40 Src/main.o
                0x0000000008000578                Welcome
 .text.LCD_Display_Empty_Slots
                0x00000000080005b8       0x44 Src/main.o
                0x00000000080005b8                LCD_Display_Empty_Slots
 .text.LEDs_Init
                0x00000000080005fc       0x40 Src/main.o
                0x00000000080005fc                LEDs_Init
 .text.PIRs_Init
                0x000000000800063c       0x4c Src/main.o
                0x000000000800063c                PIRs_Init
 .text.Register_IDs_From_Admin
                0x0000000008000688      0x19c Src/main.o
                0x0000000008000688                Register_IDs_From_Admin
 .text.Reset_Handler
                0x0000000008000824       0x50 Startup/startup_stm32f103c6tx.o
                0x0000000008000824                Reset_Handler
 .text.Default_Handler
                0x0000000008000874        0x2 Startup/startup_stm32f103c6tx.o
                0x0000000008000874                TIM8_TRG_COM_IRQHandler
                0x0000000008000874                TIM8_CC_IRQHandler
                0x0000000008000874                DebugMon_Handler
                0x0000000008000874                TIM1_CC_IRQHandler
                0x0000000008000874                HardFault_Handler
                0x0000000008000874                TIM6_IRQHandler
                0x0000000008000874                SysTick_Handler
                0x0000000008000874                PVD_IRQHandler
                0x0000000008000874                SDIO_IRQHandler
                0x0000000008000874                PendSV_Handler
                0x0000000008000874                NMI_Handler
                0x0000000008000874                USB_HP_CAN_TX_IRQHandler
                0x0000000008000874                I2C2_EV_IRQHandler
                0x0000000008000874                UsageFault_Handler
                0x0000000008000874                ADC1_2_IRQHandler
                0x0000000008000874                SPI1_IRQHandler
                0x0000000008000874                CAN_SCE_IRQHandler
                0x0000000008000874                TAMPER_IRQHandler
                0x0000000008000874                TIM8_UP_IRQHandler
                0x0000000008000874                DMA2_Channel2_IRQHandler
                0x0000000008000874                DMA1_Channel4_IRQHandler
                0x0000000008000874                RTC_IRQHandler
                0x0000000008000874                DMA1_Channel7_IRQHandler
                0x0000000008000874                UART5_IRQHandler
                0x0000000008000874                ADC3_IRQHandler
                0x0000000008000874                TIM4_IRQHandler
                0x0000000008000874                CAN_RX1_IRQHandler
                0x0000000008000874                DMA2_Channel1_IRQHandler
                0x0000000008000874                I2C1_EV_IRQHandler
                0x0000000008000874                DMA1_Channel6_IRQHandler
                0x0000000008000874                UART4_IRQHandler
                0x0000000008000874                TIM3_IRQHandler
                0x0000000008000874                RCC_IRQHandler
                0x0000000008000874                TIM1_TRG_COM_IRQHandler
                0x0000000008000874                DMA1_Channel1_IRQHandler
                0x0000000008000874                Default_Handler
                0x0000000008000874                TIM7_IRQHandler
                0x0000000008000874                TIM5_IRQHandler
                0x0000000008000874                SPI2_IRQHandler
                0x0000000008000874                USB_LP_CAN_RX0_IRQHandler
                0x0000000008000874                MemManage_Handler
                0x0000000008000874                SVC_Handler
                0x0000000008000874                DMA1_Channel5_IRQHandler
                0x0000000008000874                DMA1_Channel3_IRQHandler
                0x0000000008000874                FSMC_IRQHandler
                0x0000000008000874                TIM1_UP_IRQHandler
                0x0000000008000874                WWDG_IRQHandler
                0x0000000008000874                TIM2_IRQHandler
                0x0000000008000874                TIM1_BRK_IRQHandler
                0x0000000008000874                RTCAlarm_IRQHandler
                0x0000000008000874                DMA2_Channel4_5_IRQHandler
                0x0000000008000874                I2C2_ER_IRQHandler
                0x0000000008000874                DMA1_Channel2_IRQHandler
                0x0000000008000874                TIM8_BRK_IRQHandler
                0x0000000008000874                FLASH_IRQHandler
                0x0000000008000874                BusFault_Handler
                0x0000000008000874                SPI3_IRQHandler
                0x0000000008000874                I2C1_ER_IRQHandler
                0x0000000008000874                DMA2_Channel3_IRQHandler
 *fill*         0x0000000008000876        0x2 
 .text.keypad_Init
                0x0000000008000878       0x9c hal/KEYPAD.o
                0x0000000008000878                keypad_Init
 .text.keypad_Read
                0x0000000008000914      0x118 hal/KEYPAD.o
                0x0000000008000914                keypad_Read
 .text.delay_ms
                0x0000000008000a2c       0x38 hal/Lcd.o
                0x0000000008000a2c                delay_ms
 .text.lcd_init
                0x0000000008000a64      0x23c hal/Lcd.o
                0x0000000008000a64                lcd_init
 .text.lcd_kick
                0x0000000008000ca0       0x78 hal/Lcd.o
                0x0000000008000ca0                lcd_kick
 .text.lcd_send_char
                0x0000000008000d18      0x194 hal/Lcd.o
                0x0000000008000d18                lcd_send_char
 .text.lcd_send_string
                0x0000000008000eac       0xc4 hal/Lcd.o
                0x0000000008000eac                lcd_send_string
 .text.lcd_send_command
                0x0000000008000f70      0x194 hal/Lcd.o
                0x0000000008000f70                lcd_send_command
 .text.lcd_set_position
                0x0000000008001104      0x150 hal/Lcd.o
                0x0000000008001104                lcd_set_position
 .text.lcd_clear
                0x0000000008001254       0x3c hal/Lcd.o
                0x0000000008001254                lcd_clear
 .text.Servo1_Entry_Gate_Init
                0x0000000008001290       0x2c hal/SERVO.o
                0x0000000008001290                Servo1_Entry_Gate_Init
 .text.Servo1_Entry_Gate
                0x00000000080012bc       0x64 hal/SERVO.o
                0x00000000080012bc                Servo1_Entry_Gate
 .text.Servo2_Exit_Gate_Init
                0x0000000008001320       0x2c hal/SERVO.o
                0x0000000008001320                Servo2_Exit_Gate_Init
 .text.Servo2_Exit_Gate
                0x000000000800134c       0x64 hal/SERVO.o
                0x000000000800134c                Servo2_Exit_Gate
 .text.Timer2_init
                0x00000000080013b0       0x50 hal/timer.o
                0x00000000080013b0                Timer2_init
 .text.dus      0x0000000008001400       0x28 hal/timer.o
                0x0000000008001400                dus
 .text.dms      0x0000000008001428       0x30 hal/timer.o
                0x0000000008001428                dms
 .text.EXTI0_IRQHandler
                0x0000000008001458       0x24 mcal/exti.o
                0x0000000008001458                EXTI0_IRQHandler
 .text.EXTI1_IRQHandler
                0x000000000800147c       0x24 mcal/exti.o
                0x000000000800147c                EXTI1_IRQHandler
 .text.EXTI2_IRQHandler
                0x00000000080014a0       0x24 mcal/exti.o
                0x00000000080014a0                EXTI2_IRQHandler
 .text.EXTI3_IRQHandler
                0x00000000080014c4       0x24 mcal/exti.o
                0x00000000080014c4                EXTI3_IRQHandler
 .text.EXTI4_IRQHandler
                0x00000000080014e8       0x24 mcal/exti.o
                0x00000000080014e8                EXTI4_IRQHandler
 .text.EXTI9_5_IRQHandler
                0x000000000800150c       0xa8 mcal/exti.o
                0x000000000800150c                EXTI9_5_IRQHandler
 .text.EXTI15_10_IRQHandler
                0x00000000080015b4       0xc4 mcal/exti.o
                0x00000000080015b4                EXTI15_10_IRQHandler
 .text.Get_Bit_Location
                0x0000000008001678       0xc6 mcal/gpio.o
                0x0000000008001678                Get_Bit_Location
 .text.MCAL_GPIO_Init
                0x000000000800173e       0xf8 mcal/gpio.o
                0x000000000800173e                MCAL_GPIO_Init
 .text.MCAL_GPIO_ReadPin
                0x0000000008001836       0x2e mcal/gpio.o
                0x0000000008001836                MCAL_GPIO_ReadPin
 .text.MCAL_GPIO_ReadPort
                0x0000000008001864       0x1a mcal/gpio.o
                0x0000000008001864                MCAL_GPIO_ReadPort
 .text.MCAL_GPIO_WritePort
                0x000000000800187e       0x1c mcal/gpio.o
                0x000000000800187e                MCAL_GPIO_WritePort
 .text.MCAL_GPIO_WritePin
                0x000000000800189a       0x2e mcal/gpio.o
                0x000000000800189a                MCAL_GPIO_WritePin
 .text.MCAL_GPIO_TogglePin
                0x00000000080018c8       0x22 mcal/gpio.o
                0x00000000080018c8                MCAL_GPIO_TogglePin
 *fill*         0x00000000080018ea        0x2 
 .text.MCAL_RCC_Get_SYS_CLKFreq
                0x00000000080018ec       0x40 mcal/rcc.o
                0x00000000080018ec                MCAL_RCC_Get_SYS_CLKFreq
 .text.MCAL_RCC_Get_HCLK_Freq
                0x000000000800192c       0x28 mcal/rcc.o
                0x000000000800192c                MCAL_RCC_Get_HCLK_Freq
 .text.MCAL_RCC_Get_PCLK1_Freq
                0x0000000008001954       0x28 mcal/rcc.o
                0x0000000008001954                MCAL_RCC_Get_PCLK1_Freq
 .text.MCAL_RCC_Get_PCLK2_Freq
                0x000000000800197c       0x28 mcal/rcc.o
                0x000000000800197c                MCAL_RCC_Get_PCLK2_Freq
 .text.MCAL_UART_Init
                0x00000000080019a4      0x190 mcal/uart.o
                0x00000000080019a4                MCAL_UART_Init
 .text.MCAL_UART_SendData
                0x0000000008001b34       0xe4 mcal/uart.o
                0x0000000008001b34                MCAL_UART_SendData
 .text.MCAL_UART_ReceiveData
                0x0000000008001c18      0x16c mcal/uart.o
                0x0000000008001c18                MCAL_UART_ReceiveData
 .text.MCAL_UART_GPIO_Set_Pins
                0x0000000008001d84      0x1f0 mcal/uart.o
                0x0000000008001d84                MCAL_UART_GPIO_Set_Pins
 .text.USART1_IRQHandler
                0x0000000008001f74       0x14 mcal/uart.o
                0x0000000008001f74                USART1_IRQHandler
 .text.USART2_IRQHandler
                0x0000000008001f88       0x14 mcal/uart.o
                0x0000000008001f88                USART2_IRQHandler
 .text.USART3_IRQHandler
                0x0000000008001f9c       0x14 mcal/uart.o
                0x0000000008001f9c                USART3_IRQHandler
 .text.__libc_init_array
                0x0000000008001fb0       0x48 c:/program files (x86)/stm32cubeide_1.4.0/stm32cubeide/plugins/com.st.stm32cube.ide.mcu.externaltools.gnu-tools-for-stm32.7-2018-q2-update.win32_1.4.0.202007081208/tools/bin/../lib/gcc/arm-none-eabi/7.3.1/../../../../arm-none-eabi/lib/thumb/v7-m\libc_nano.a(lib_a-init.o)
                0x0000000008001fb0                __libc_init_array
 *(.glue_7)
 .glue_7        0x0000000008001ff8        0x0 linker stubs
 *(.glue_7t)
 .glue_7t       0x0000000008001ff8        0x0 linker stubs
 *(.eh_frame)
 .eh_frame      0x0000000008001ff8        0x0 c:/program files (x86)/stm32cubeide_1.4.0/stm32cubeide/plugins/com.st.stm32cube.ide.mcu.externaltools.gnu-tools-for-stm32.7-2018-q2-update.win32_1.4.0.202007081208/tools/bin/../lib/gcc/arm-none-eabi/7.3.1/thumb/v7-m/crtbegin.o
 *(.init)
 .init          0x0000000008001ff8        0x4 c:/program files (x86)/stm32cubeide_1.4.0/stm32cubeide/plugins/com.st.stm32cube.ide.mcu.externaltools.gnu-tools-for-stm32.7-2018-q2-update.win32_1.4.0.202007081208/tools/bin/../lib/gcc/arm-none-eabi/7.3.1/thumb/v7-m/crti.o
                0x0000000008001ff8                _init
 .init          0x0000000008001ffc        0x8 c:/program files (x86)/stm32cubeide_1.4.0/stm32cubeide/plugins/com.st.stm32cube.ide.mcu.externaltools.gnu-tools-for-stm32.7-2018-q2-update.win32_1.4.0.202007081208/tools/bin/../lib/gcc/arm-none-eabi/7.3.1/thumb/v7-m/crtn.o
 *(.fini)
 .fini          0x0000000008002004        0x4 c:/program files (x86)/stm32cubeide_1.4.0/stm32cubeide/plugins/com.st.stm32cube.ide.mcu.externaltools.gnu-tools-for-stm32.7-2018-q2-update.win32_1.4.0.202007081208/tools/bin/../lib/gcc/arm-none-eabi/7.3.1/thumb/v7-m/crti.o
                0x0000000008002004                _fini
 .fini          0x0000000008002008        0x8 c:/program files (x86)/stm32cubeide_1.4.0/stm32cubeide/plugins/com.st.stm32cube.ide.mcu.externaltools.gnu-tools-for-stm32.7-2018-q2-update.win32_1.4.0.202007081208/tools/bin/../lib/gcc/arm-none-eabi/7.3.1/thumb/v7-m/crtn.o
                0x0000000008002010                . = ALIGN (0x4)
                0x0000000008002010                _etext = .

.vfp11_veneer   0x0000000008002010        0x0
 .vfp11_veneer  0x0000000008002010        0x0 linker stubs

.v4_bx          0x0000000008002010        0x0
 .v4_bx         0x0000000008002010        0x0 linker stubs

.iplt           0x0000000008002010        0x0
 .iplt          0x0000000008002010        0x0 c:/program files (x86)/stm32cubeide_1.4.0/stm32cubeide/plugins/com.st.stm32cube.ide.mcu.externaltools.gnu-tools-for-stm32.7-2018-q2-update.win32_1.4.0.202007081208/tools/bin/../lib/gcc/arm-none-eabi/7.3.1/thumb/v7-m/crtbegin.o

.rodata         0x0000000008002010      0x118
                0x0000000008002010                . = ALIGN (0x4)
 *(.rodata)
 .rodata        0x0000000008002010       0xff Src/main.o
 *(.rodata*)
 *fill*         0x000000000800210f        0x1 
 .rodata.APBPrescTable
                0x0000000008002110        0x8 mcal/rcc.o
                0x0000000008002110                APBPrescTable
 .rodata.AHBPrescTable
                0x0000000008002118       0x10 mcal/rcc.o
                0x0000000008002118                AHBPrescTable
                0x0000000008002128                . = ALIGN (0x4)

.rel.dyn        0x0000000008002128        0x0
 .rel.iplt      0x0000000008002128        0x0 c:/program files (x86)/stm32cubeide_1.4.0/stm32cubeide/plugins/com.st.stm32cube.ide.mcu.externaltools.gnu-tools-for-stm32.7-2018-q2-update.win32_1.4.0.202007081208/tools/bin/../lib/gcc/arm-none-eabi/7.3.1/thumb/v7-m/crtbegin.o

.ARM.extab      0x0000000008002128        0x0
                0x0000000008002128                . = ALIGN (0x4)
 *(.ARM.extab* .gnu.linkonce.armextab.*)
                0x0000000008002128                . = ALIGN (0x4)

.ARM            0x0000000008002128        0x0
                0x0000000008002128                . = ALIGN (0x4)
                0x0000000008002128                __exidx_start = .
 *(.ARM.exidx*)
                0x0000000008002128                __exidx_end = .
                0x0000000008002128                . = ALIGN (0x4)

.preinit_array  0x0000000008002128        0x0
                0x0000000008002128                . = ALIGN (0x4)
                0x0000000008002128                PROVIDE (__preinit_array_start = .)
 *(.preinit_array*)
                0x0000000008002128                PROVIDE (__preinit_array_end = .)
                0x0000000008002128                . = ALIGN (0x4)

.init_array     0x0000000008002128        0x4
                0x0000000008002128                . = ALIGN (0x4)
                0x0000000008002128                PROVIDE (__init_array_start = .)
 *(SORT_BY_NAME(.init_array.*))
 *(.init_array*)
 .init_array    0x0000000008002128        0x4 c:/program files (x86)/stm32cubeide_1.4.0/stm32cubeide/plugins/com.st.stm32cube.ide.mcu.externaltools.gnu-tools-for-stm32.7-2018-q2-update.win32_1.4.0.202007081208/tools/bin/../lib/gcc/arm-none-eabi/7.3.1/thumb/v7-m/crtbegin.o
                0x000000000800212c                PROVIDE (__init_array_end = .)
                0x000000000800212c                . = ALIGN (0x4)

.fini_array     0x000000000800212c        0x4
                0x000000000800212c                . = ALIGN (0x4)
                [!provide]                        PROVIDE (__fini_array_start = .)
 *(SORT_BY_NAME(.fini_array.*))
 *(.fini_array*)
 .fini_array    0x000000000800212c        0x4 c:/program files (x86)/stm32cubeide_1.4.0/stm32cubeide/plugins/com.st.stm32cube.ide.mcu.externaltools.gnu-tools-for-stm32.7-2018-q2-update.win32_1.4.0.202007081208/tools/bin/../lib/gcc/arm-none-eabi/7.3.1/thumb/v7-m/crtbegin.o
                [!provide]                        PROVIDE (__fini_array_end = .)
                0x0000000008002130                . = ALIGN (0x4)
                0x0000000008002130                _sidata = LOADADDR (.data)

.data           0x0000000020000000       0x3c load address 0x0000000008002130
                0x0000000020000000                . = ALIGN (0x4)
                0x0000000020000000                _sdata = .
 *(.data)
 *(.data*)
 .data.Available_Slots
                0x0000000020000000        0x1 Src/main.o
                0x0000000020000000                Available_Slots
 *fill*         0x0000000020000001        0x3 
 .data.LCD1     0x0000000020000004       0x14 Src/main.o
                0x0000000020000004                LCD1
 .data.LCD2     0x0000000020000018       0x14 Src/main.o
                0x0000000020000018                LCD2
 .data.LCD_data_pins
                0x000000002000002c       0x10 hal/Lcd.o
                0x000000002000002c                LCD_data_pins
                0x000000002000003c                . = ALIGN (0x4)
                0x000000002000003c                _edata = .

.igot.plt       0x000000002000003c        0x0 load address 0x000000000800216c
 .igot.plt      0x000000002000003c        0x0 c:/program files (x86)/stm32cubeide_1.4.0/stm32cubeide/plugins/com.st.stm32cube.ide.mcu.externaltools.gnu-tools-for-stm32.7-2018-q2-update.win32_1.4.0.202007081208/tools/bin/../lib/gcc/arm-none-eabi/7.3.1/thumb/v7-m/crtbegin.o
                0x000000002000003c                . = ALIGN (0x4)

.bss            0x000000002000003c       0x70 load address 0x000000000800216c
                0x000000002000003c                _sbss = .
                0x000000002000003c                __bss_start__ = _sbss
 *(.bss)
 .bss           0x000000002000003c       0x1c c:/program files (x86)/stm32cubeide_1.4.0/stm32cubeide/plugins/com.st.stm32cube.ide.mcu.externaltools.gnu-tools-for-stm32.7-2018-q2-update.win32_1.4.0.202007081208/tools/bin/../lib/gcc/arm-none-eabi/7.3.1/thumb/v7-m/crtbegin.o
 *(.bss*)
 .bss.pass      0x0000000020000058        0x3 Src/main.o
                0x0000000020000058                pass
 .bss.Search_Done
                0x000000002000005b        0x1 Src/main.o
                0x000000002000005b                Search_Done
 .bss.Global_USART_Config
                0x000000002000005c        0xc mcal/uart.o
                0x000000002000005c                Global_USART_Config
 *(COMMON)
 COMMON         0x0000000020000068        0x4 Src/main.o
                0x0000000020000068                RFID_CARD_Enter
                0x000000002000006a                RFID_CARD_EXIT
 COMMON         0x000000002000006c        0x4 hal/Lcd.o
                0x000000002000006c                pin_cfg
 COMMON         0x0000000020000070       0x3c mcal/exti.o
                0x0000000020000070                GP_IRQ_callBack
                0x00000000200000ac                . = ALIGN (0x4)
                0x00000000200000ac                _ebss = .
                0x00000000200000ac                __bss_end__ = _ebss

._user_heap_stack
                0x00000000200000ac      0x604 load address 0x000000000800216c
                0x00000000200000b0                . = ALIGN (0x8)
 *fill*         0x00000000200000ac        0x4 
                [!provide]                        PROVIDE (end = .)
                0x00000000200000b0                PROVIDE (_end = .)
                0x00000000200002b0                . = (. + _Min_Heap_Size)
 *fill*         0x00000000200000b0      0x200 
                0x00000000200006b0                . = (. + _Min_Stack_Size)
 *fill*         0x00000000200002b0      0x400 
                0x00000000200006b0                . = ALIGN (0x8)

/DISCARD/
 libc.a(*)
 libm.a(*)
 libgcc.a(*)

.ARM.attributes
                0x0000000000000000       0x29
 *(.ARM.attributes)
 .ARM.attributes
                0x0000000000000000       0x1d c:/program files (x86)/stm32cubeide_1.4.0/stm32cubeide/plugins/com.st.stm32cube.ide.mcu.externaltools.gnu-tools-for-stm32.7-2018-q2-update.win32_1.4.0.202007081208/tools/bin/../lib/gcc/arm-none-eabi/7.3.1/thumb/v7-m/crti.o
 .ARM.attributes
                0x000000000000001d       0x2d c:/program files (x86)/stm32cubeide_1.4.0/stm32cubeide/plugins/com.st.stm32cube.ide.mcu.externaltools.gnu-tools-for-stm32.7-2018-q2-update.win32_1.4.0.202007081208/tools/bin/../lib/gcc/arm-none-eabi/7.3.1/thumb/v7-m/crtbegin.o
 .ARM.attributes
                0x000000000000004a       0x33 Src/main.o
 .ARM.attributes
                0x000000000000007d       0x21 Startup/startup_stm32f103c6tx.o
 .ARM.attributes
                0x000000000000009e       0x33 hal/KEYPAD.o
 .ARM.attributes
                0x00000000000000d1       0x33 hal/Lcd.o
 .ARM.attributes
                0x0000000000000104       0x33 hal/SERVO.o
 .ARM.attributes
                0x0000000000000137       0x33 hal/timer.o
 .ARM.attributes
                0x000000000000016a       0x33 mcal/exti.o
 .ARM.attributes
                0x000000000000019d       0x33 mcal/gpio.o
 .ARM.attributes
                0x00000000000001d0       0x33 mcal/rcc.o
 .ARM.attributes
                0x0000000000000203       0x33 mcal/uart.o
 .ARM.attributes
                0x0000000000000236       0x2d c:/program files (x86)/stm32cubeide_1.4.0/stm32cubeide/plugins/com.st.stm32cube.ide.mcu.externaltools.gnu-tools-for-stm32.7-2018-q2-update.win32_1.4.0.202007081208/tools/bin/../lib/gcc/arm-none-eabi/7.3.1/../../../../arm-none-eabi/lib/thumb/v7-m\libc_nano.a(lib_a-init.o)
 .ARM.attributes
                0x0000000000000263       0x1d c:/program files (x86)/stm32cubeide_1.4.0/stm32cubeide/plugins/com.st.stm32cube.ide.mcu.externaltools.gnu-tools-for-stm32.7-2018-q2-update.win32_1.4.0.202007081208/tools/bin/../lib/gcc/arm-none-eabi/7.3.1/thumb/v7-m/crtn.o
OUTPUT(Smart_Parking.elf elf32-littlearm)

.debug_info     0x0000000000000000     0x70fe
 .debug_info    0x0000000000000000      0xe5d Src/main.o
 .debug_info    0x0000000000000e5d       0x22 Startup/startup_stm32f103c6tx.o
 .debug_info    0x0000000000000e7f      0xab8 hal/KEYPAD.o
 .debug_info    0x0000000000001937      0xdd3 hal/Lcd.o
 .debug_info    0x000000000000270a      0xb31 hal/SERVO.o
 .debug_info    0x000000000000323b      0xa06 hal/timer.o
 .debug_info    0x0000000000003c41      0xdbb mcal/exti.o
 .debug_info    0x00000000000049fc      0xdb5 mcal/gpio.o
 .debug_info    0x00000000000057b1      0xb25 mcal/rcc.o
 .debug_info    0x00000000000062d6      0xe28 mcal/uart.o

.debug_abbrev   0x0000000000000000     0x116d
 .debug_abbrev  0x0000000000000000      0x221 Src/main.o
 .debug_abbrev  0x0000000000000221       0x12 Startup/startup_stm32f103c6tx.o
 .debug_abbrev  0x0000000000000233      0x197 hal/KEYPAD.o
 .debug_abbrev  0x00000000000003ca      0x230 hal/Lcd.o
 .debug_abbrev  0x00000000000005fa      0x1af hal/SERVO.o
 .debug_abbrev  0x00000000000007a9      0x1b9 hal/timer.o
 .debug_abbrev  0x0000000000000962      0x228 mcal/exti.o
 .debug_abbrev  0x0000000000000b8a      0x216 mcal/gpio.o
 .debug_abbrev  0x0000000000000da0      0x19b mcal/rcc.o
 .debug_abbrev  0x0000000000000f3b      0x232 mcal/uart.o

.debug_loc      0x0000000000000000     0x1146
 .debug_loc     0x0000000000000000      0x1b6 Src/main.o
 .debug_loc     0x00000000000001b6       0x7c hal/KEYPAD.o
 .debug_loc     0x0000000000000232      0x2dc hal/Lcd.o
 .debug_loc     0x000000000000050e      0x140 hal/SERVO.o
 .debug_loc     0x000000000000064e       0xf0 hal/timer.o
 .debug_loc     0x000000000000073e      0x320 mcal/exti.o
 .debug_loc     0x0000000000000a5e      0x38c mcal/gpio.o
 .debug_loc     0x0000000000000dea       0xc8 mcal/rcc.o
 .debug_loc     0x0000000000000eb2      0x294 mcal/uart.o

.debug_aranges  0x0000000000000000      0x2f0
 .debug_aranges
                0x0000000000000000       0x58 Src/main.o
 .debug_aranges
                0x0000000000000058       0x28 Startup/startup_stm32f103c6tx.o
 .debug_aranges
                0x0000000000000080       0x28 hal/KEYPAD.o
 .debug_aranges
                0x00000000000000a8       0x60 hal/Lcd.o
 .debug_aranges
                0x0000000000000108       0x38 hal/SERVO.o
 .debug_aranges
                0x0000000000000140       0x30 hal/timer.o
 .debug_aranges
                0x0000000000000170       0x80 mcal/exti.o
 .debug_aranges
                0x00000000000001f0       0x68 mcal/gpio.o
 .debug_aranges
                0x0000000000000258       0x38 mcal/rcc.o
 .debug_aranges
                0x0000000000000290       0x60 mcal/uart.o

.debug_ranges   0x0000000000000000      0x258
 .debug_ranges  0x0000000000000000       0x48 Src/main.o
 .debug_ranges  0x0000000000000048       0x20 Startup/startup_stm32f103c6tx.o
 .debug_ranges  0x0000000000000068       0x18 hal/KEYPAD.o
 .debug_ranges  0x0000000000000080       0x50 hal/Lcd.o
 .debug_ranges  0x00000000000000d0       0x28 hal/SERVO.o
 .debug_ranges  0x00000000000000f8       0x20 hal/timer.o
 .debug_ranges  0x0000000000000118       0x70 mcal/exti.o
 .debug_ranges  0x0000000000000188       0x58 mcal/gpio.o
 .debug_ranges  0x00000000000001e0       0x28 mcal/rcc.o
 .debug_ranges  0x0000000000000208       0x50 mcal/uart.o

.debug_macro    0x0000000000000000     0x2e12
 .debug_macro   0x0000000000000000      0x1ba Src/main.o
 .debug_macro   0x00000000000001ba      0xa60 Src/main.o
 .debug_macro   0x0000000000000c1a       0x18 Src/main.o
 .debug_macro   0x0000000000000c32       0x22 Src/main.o
 .debug_macro   0x0000000000000c54       0x40 Src/main.o
 .debug_macro   0x0000000000000c94       0x94 Src/main.o
 .debug_macro   0x0000000000000d28       0x3c Src/main.o
 .debug_macro   0x0000000000000d64       0x34 Src/main.o
 .debug_macro   0x0000000000000d98       0x16 Src/main.o
 .debug_macro   0x0000000000000dae      0x10e Src/main.o
 .debug_macro   0x0000000000000ebc       0x8d Src/main.o
 .debug_macro   0x0000000000000f49       0x57 Src/main.o
 .debug_macro   0x0000000000000fa0       0x52 Src/main.o
 .debug_macro   0x0000000000000ff2       0x1f Src/main.o
 .debug_macro   0x0000000000001011       0x43 Src/main.o
 .debug_macro   0x0000000000001054       0x20 Src/main.o
 .debug_macro   0x0000000000001074      0x1a3 Src/main.o
 .debug_macro   0x0000000000001217      0x330 Src/main.o
 .debug_macro   0x0000000000001547       0x16 Src/main.o
 .debug_macro   0x000000000000155d       0x29 Src/main.o
 .debug_macro   0x0000000000001586       0x16 Src/main.o
 .debug_macro   0x000000000000159c       0x35 Src/main.o
 .debug_macro   0x00000000000015d1       0x20 Src/main.o
 .debug_macro   0x00000000000015f1       0xef Src/main.o
 .debug_macro   0x00000000000016e0       0x6a Src/main.o
 .debug_macro   0x000000000000174a      0x1df Src/main.o
 .debug_macro   0x0000000000001929      0x282 Src/main.o
 .debug_macro   0x0000000000001bab       0xd0 Src/main.o
 .debug_macro   0x0000000000001c7b       0x46 Src/main.o
 .debug_macro   0x0000000000001cc1       0x10 Src/main.o
 .debug_macro   0x0000000000001cd1       0x10 Src/main.o
 .debug_macro   0x0000000000001ce1       0xed Src/main.o
 .debug_macro   0x0000000000001dce       0x82 Src/main.o
 .debug_macro   0x0000000000001e50      0x17d hal/KEYPAD.o
 .debug_macro   0x0000000000001fcd      0x18b hal/Lcd.o
 .debug_macro   0x0000000000002158       0x7c hal/Lcd.o
 .debug_macro   0x00000000000021d4      0x197 hal/SERVO.o
 .debug_macro   0x000000000000236b      0x182 hal/timer.o
 .debug_macro   0x00000000000024ed       0x40 hal/timer.o
 .debug_macro   0x000000000000252d      0x187 mcal/exti.o
 .debug_macro   0x00000000000026b4       0xd6 mcal/exti.o
 .debug_macro   0x000000000000278a      0x21f mcal/exti.o
 .debug_macro   0x00000000000029a9      0x16f mcal/gpio.o
 .debug_macro   0x0000000000002b18      0x179 mcal/rcc.o
 .debug_macro   0x0000000000002c91      0x181 mcal/uart.o

.debug_line     0x0000000000000000     0x4942
 .debug_line    0x0000000000000000      0x8de Src/main.o
 .debug_line    0x00000000000008de       0x84 Startup/startup_stm32f103c6tx.o
 .debug_line    0x0000000000000962      0x78b hal/KEYPAD.o
 .debug_line    0x00000000000010ed      0xa12 hal/Lcd.o
 .debug_line    0x0000000000001aff      0x750 hal/SERVO.o
 .debug_line    0x000000000000224f      0x745 hal/timer.o
 .debug_line    0x0000000000002994      0x878 mcal/exti.o
 .debug_line    0x000000000000320c      0x7be mcal/gpio.o
 .debug_line    0x00000000000039ca      0x700 mcal/rcc.o
 .debug_line    0x00000000000040ca      0x878 mcal/uart.o

.debug_str      0x0000000000000000     0xa2ee
 .debug_str     0x0000000000000000     0x8a8e Src/main.o
                                       0x8cf5 (size before relaxing)
 .debug_str     0x0000000000008a8e       0x31 Startup/startup_stm32f103c6tx.o
                                         0x72 (size before relaxing)
 .debug_str     0x0000000000008abf       0x28 hal/KEYPAD.o
                                       0x80e9 (size before relaxing)
 .debug_str     0x0000000000008ae7       0xd7 hal/Lcd.o
                                       0x85b9 (size before relaxing)
 .debug_str     0x0000000000008bbe       0x69 hal/SERVO.o
                                       0x830f (size before relaxing)
 .debug_str     0x0000000000008c27       0x1b hal/timer.o
                                       0x8228 (size before relaxing)
 .debug_str     0x0000000000008c42     0x13f0 mcal/exti.o
                                       0x94b8 (size before relaxing)
 .debug_str     0x000000000000a032      0x125 mcal/gpio.o
                                       0x8219 (size before relaxing)
 .debug_str     0x000000000000a157       0x8a mcal/rcc.o
                                       0x8135 (size before relaxing)
 .debug_str     0x000000000000a1e1      0x10d mcal/uart.o
                                       0x88ce (size before relaxing)

.comment        0x0000000000000000       0x7b
 .comment       0x0000000000000000       0x7b Src/main.o
                                         0x7c (size before relaxing)
 .comment       0x000000000000007b       0x7c hal/KEYPAD.o
 .comment       0x000000000000007b       0x7c hal/Lcd.o
 .comment       0x000000000000007b       0x7c hal/SERVO.o
 .comment       0x000000000000007b       0x7c hal/timer.o
 .comment       0x000000000000007b       0x7c mcal/exti.o
 .comment       0x000000000000007b       0x7c mcal/gpio.o
 .comment       0x000000000000007b       0x7c mcal/rcc.o
 .comment       0x000000000000007b       0x7c mcal/uart.o

.debug_frame    0x0000000000000000      0x91c
 .debug_frame   0x0000000000000000      0x104 Src/main.o
 .debug_frame   0x0000000000000104       0x50 hal/KEYPAD.o
 .debug_frame   0x0000000000000154      0x164 hal/Lcd.o
 .debug_frame   0x00000000000002b8       0xa0 hal/SERVO.o
 .debug_frame   0x0000000000000358       0x7c hal/timer.o
 .debug_frame   0x00000000000003d4      0x1b0 mcal/exti.o
 .debug_frame   0x0000000000000584      0x19c mcal/gpio.o
 .debug_frame   0x0000000000000720       0x84 mcal/rcc.o
 .debug_frame   0x00000000000007a4      0x14c mcal/uart.o
 .debug_frame   0x00000000000008f0       0x2c c:/program files (x86)/stm32cubeide_1.4.0/stm32cubeide/plugins/com.st.stm32cube.ide.mcu.externaltools.gnu-tools-for-stm32.7-2018-q2-update.win32_1.4.0.202007081208/tools/bin/../lib/gcc/arm-none-eabi/7.3.1/../../../../arm-none-eabi/lib/thumb/v7-m\libc_nano.a(lib_a-init.o)
